Archive member included because of file (symbol)

c:/winavr-20100110/bin/../lib/gcc/avr/4.3.3/avr51\libgcc.a(_mulsi3.o)
                              Lib/MassStoreCommands.o (__mulsi3)
c:/winavr-20100110/bin/../lib/gcc/avr/4.3.3/avr51\libgcc.a(_exit.o)
                              c:/winavr-20100110/bin/../lib/gcc/avr/4.3.3/../../../../avr/lib/avr51/crtusb1287.o (exit)
c:/winavr-20100110/bin/../lib/gcc/avr/4.3.3/avr51\libgcc.a(_clear_bss.o)
                              MassStorageHost.o (__do_clear_bss)
c:/winavr-20100110/bin/../lib/gcc/avr/4.3.3/../../../../avr/lib/avr51\libc.a(isprint.o)
                              MassStorageHost.o (isprint)
c:/winavr-20100110/bin/../lib/gcc/avr/4.3.3/../../../../avr/lib/avr51\libc.a(fputc.o)
                              MassStorageHost.o (fputc)
c:/winavr-20100110/bin/../lib/gcc/avr/4.3.3/../../../../avr/lib/avr51\libc.a(iob.o)
                              MassStorageHost.o (__iob)
c:/winavr-20100110/bin/../lib/gcc/avr/4.3.3/../../../../avr/lib/avr51\libc.a(printf_p.o)
                              MassStorageHost.o (printf_P)
c:/winavr-20100110/bin/../lib/gcc/avr/4.3.3/../../../../avr/lib/avr51\libc.a(puts_p.o)
                              MassStorageHost.o (puts_P)
c:/winavr-20100110/bin/../lib/gcc/avr/4.3.3/../../../../avr/lib/avr51\libc.a(vfprintf_std.o)
                              c:/winavr-20100110/bin/../lib/gcc/avr/4.3.3/../../../../avr/lib/avr51\libc.a(printf_p.o) (vfprintf)
c:/winavr-20100110/bin/../lib/gcc/avr/4.3.3/../../../../avr/lib/avr51\libc.a(eerd_byte_at90usb1287.o)
                              ../../../../LUFA/Drivers/USB/Core/AVR8/PipeStream_AVR8.o (__eerd_byte_usb1287)
c:/winavr-20100110/bin/../lib/gcc/avr/4.3.3/../../../../avr/lib/avr51\libc.a(eeupd_byte_at90usb1287.o)
                              ../../../../LUFA/Drivers/USB/Core/AVR8/PipeStream_AVR8.o (__eeupd_byte_usb1287)
c:/winavr-20100110/bin/../lib/gcc/avr/4.3.3/../../../../avr/lib/avr51\libc.a(cty_isfalse.o)
                              c:/winavr-20100110/bin/../lib/gcc/avr/4.3.3/../../../../avr/lib/avr51\libc.a(isprint.o) (__ctype_isfalse)
c:/winavr-20100110/bin/../lib/gcc/avr/4.3.3/../../../../avr/lib/avr51\libc.a(strnlen_P.o)
                              c:/winavr-20100110/bin/../lib/gcc/avr/4.3.3/../../../../avr/lib/avr51\libc.a(vfprintf_std.o) (strnlen_P)
c:/winavr-20100110/bin/../lib/gcc/avr/4.3.3/../../../../avr/lib/avr51\libc.a(strnlen.o)
                              c:/winavr-20100110/bin/../lib/gcc/avr/4.3.3/../../../../avr/lib/avr51\libc.a(vfprintf_std.o) (strnlen)
c:/winavr-20100110/bin/../lib/gcc/avr/4.3.3/../../../../avr/lib/avr51\libc.a(ultoa_invert.o)
                              c:/winavr-20100110/bin/../lib/gcc/avr/4.3.3/../../../../avr/lib/avr51\libc.a(vfprintf_std.o) (__ultoa_invert)

Allocating common symbols
Common symbol       size              file

USB_IsInitialized   0x1               ../../../../LUFA/Drivers/USB/Core/USBTask.o
USB_Host_ConfigurationNumber
                    0x1               ../../../../LUFA/Drivers/USB/Core/HostStandardReq.o
USARTSerialStream   0xe               ../../../../LUFA/Drivers/Peripheral/AVR8/Serial_AVR8.o
USB_ControlRequest  0x8               ../../../../LUFA/Drivers/USB/Core/USBTask.o
MassStore_MaxLUNIndex
                    0x1               MassStorageHost.o
USB_HostState       0x1               ../../../../LUFA/Drivers/USB/Core/USBTask.o
__iob               0x6               c:/winavr-20100110/bin/../lib/gcc/avr/4.3.3/../../../../avr/lib/avr51\libc.a(iob.o)

Discarded input sections

 .data          0x00000000        0x0 c:/winavr-20100110/bin/../lib/gcc/avr/4.3.3/../../../../avr/lib/avr51/crtusb1287.o
 .bss           0x00000000        0x0 c:/winavr-20100110/bin/../lib/gcc/avr/4.3.3/../../../../avr/lib/avr51/crtusb1287.o
 .text          0x00000000        0x0 MassStorageHost.o
 .data          0x00000000        0x0 MassStorageHost.o
 .bss           0x00000000        0x0 MassStorageHost.o
 .text          0x00000000        0x0 ConfigDescriptor.o
 .data          0x00000000        0x0 ConfigDescriptor.o
 .bss           0x00000000        0x0 ConfigDescriptor.o
 .text          0x00000000        0x0 Lib/MassStoreCommands.o
 .bss           0x00000000        0x0 Lib/MassStoreCommands.o
 .text.MassStore_WriteDeviceBlock
                0x00000000        0x0 Lib/MassStoreCommands.o
 .text          0x00000000        0x0 ../../../../LUFA/Drivers/USB/Core/AVR8/Device_AVR8.o
 .data          0x00000000        0x0 ../../../../LUFA/Drivers/USB/Core/AVR8/Device_AVR8.o
 .bss           0x00000000        0x0 ../../../../LUFA/Drivers/USB/Core/AVR8/Device_AVR8.o
 .text          0x00000000        0x0 ../../../../LUFA/Drivers/USB/Core/AVR8/Endpoint_AVR8.o
 .data          0x00000000        0x0 ../../../../LUFA/Drivers/USB/Core/AVR8/Endpoint_AVR8.o
 .bss           0x00000000        0x0 ../../../../LUFA/Drivers/USB/Core/AVR8/Endpoint_AVR8.o
 .text          0x00000000        0x0 ../../../../LUFA/Drivers/USB/Core/AVR8/Host_AVR8.o
 .text          0x00000000        0x0 ../../../../LUFA/Drivers/USB/Core/AVR8/Pipe_AVR8.o
 .bss           0x00000000        0x0 ../../../../LUFA/Drivers/USB/Core/AVR8/Pipe_AVR8.o
 .text.Pipe_IsEndpointBound
                0x00000000        0x0 ../../../../LUFA/Drivers/USB/Core/AVR8/Pipe_AVR8.o
 .text          0x00000000        0x0 ../../../../LUFA/Drivers/USB/Core/AVR8/USBController_AVR8.o
 .data          0x00000000        0x0 ../../../../LUFA/Drivers/USB/Core/AVR8/USBController_AVR8.o
 .bss           0x00000000        0x0 ../../../../LUFA/Drivers/USB/Core/AVR8/USBController_AVR8.o
 .text          0x00000000        0x0 ../../../../LUFA/Drivers/USB/Core/AVR8/USBInterrupt_AVR8.o
 .data          0x00000000        0x0 ../../../../LUFA/Drivers/USB/Core/AVR8/USBInterrupt_AVR8.o
 .bss           0x00000000        0x0 ../../../../LUFA/Drivers/USB/Core/AVR8/USBInterrupt_AVR8.o
 .text          0x00000000        0x0 ../../../../LUFA/Drivers/USB/Core/AVR8/EndpointStream_AVR8.o
 .data          0x00000000        0x0 ../../../../LUFA/Drivers/USB/Core/AVR8/EndpointStream_AVR8.o
 .bss           0x00000000        0x0 ../../../../LUFA/Drivers/USB/Core/AVR8/EndpointStream_AVR8.o
 .text          0x00000000        0x0 ../../../../LUFA/Drivers/USB/Core/AVR8/PipeStream_AVR8.o
 .data          0x00000000        0x0 ../../../../LUFA/Drivers/USB/Core/AVR8/PipeStream_AVR8.o
 .bss           0x00000000        0x0 ../../../../LUFA/Drivers/USB/Core/AVR8/PipeStream_AVR8.o
 .text.Pipe_Write_PStream_BE
                0x00000000        0x0 ../../../../LUFA/Drivers/USB/Core/AVR8/PipeStream_AVR8.o
 .text.Pipe_Write_PStream_LE
                0x00000000        0x0 ../../../../LUFA/Drivers/USB/Core/AVR8/PipeStream_AVR8.o
 .text.Pipe_Read_Stream_BE
                0x00000000        0x0 ../../../../LUFA/Drivers/USB/Core/AVR8/PipeStream_AVR8.o
 .text.Pipe_Write_Stream_BE
                0x00000000        0x0 ../../../../LUFA/Drivers/USB/Core/AVR8/PipeStream_AVR8.o
 .text.Pipe_Discard_Stream
                0x00000000        0x0 ../../../../LUFA/Drivers/USB/Core/AVR8/PipeStream_AVR8.o
 .text.Pipe_Read_EStream_BE
                0x00000000        0x0 ../../../../LUFA/Drivers/USB/Core/AVR8/PipeStream_AVR8.o
 .text.Pipe_Read_EStream_LE
                0x00000000        0x0 ../../../../LUFA/Drivers/USB/Core/AVR8/PipeStream_AVR8.o
 .text.Pipe_Write_EStream_BE
                0x00000000        0x0 ../../../../LUFA/Drivers/USB/Core/AVR8/PipeStream_AVR8.o
 .text.Pipe_Write_EStream_LE
                0x00000000        0x0 ../../../../LUFA/Drivers/USB/Core/AVR8/PipeStream_AVR8.o
 .text.Pipe_Null_Stream
                0x00000000        0x0 ../../../../LUFA/Drivers/USB/Core/AVR8/PipeStream_AVR8.o
 .text          0x00000000        0x0 ../../../../LUFA/Drivers/USB/Core/ConfigDescriptor.o
 .data          0x00000000        0x0 ../../../../LUFA/Drivers/USB/Core/ConfigDescriptor.o
 .bss           0x00000000        0x0 ../../../../LUFA/Drivers/USB/Core/ConfigDescriptor.o
 .text.USB_GetNextDescriptorOfType
                0x00000000        0x0 ../../../../LUFA/Drivers/USB/Core/ConfigDescriptor.o
 .text.USB_GetNextDescriptorOfTypeBefore
                0x00000000        0x0 ../../../../LUFA/Drivers/USB/Core/ConfigDescriptor.o
 .text.USB_GetNextDescriptorOfTypeAfter
                0x00000000        0x0 ../../../../LUFA/Drivers/USB/Core/ConfigDescriptor.o
 .text          0x00000000        0x0 ../../../../LUFA/Drivers/USB/Core/DeviceStandardReq.o
 .data          0x00000000        0x0 ../../../../LUFA/Drivers/USB/Core/DeviceStandardReq.o
 .bss           0x00000000        0x0 ../../../../LUFA/Drivers/USB/Core/DeviceStandardReq.o
 .text          0x00000000        0x0 ../../../../LUFA/Drivers/USB/Core/Events.o
 .data          0x00000000        0x0 ../../../../LUFA/Drivers/USB/Core/Events.o
 .bss           0x00000000        0x0 ../../../../LUFA/Drivers/USB/Core/Events.o
 .text          0x00000000        0x0 ../../../../LUFA/Drivers/USB/Core/HostStandardReq.o
 .data          0x00000000        0x0 ../../../../LUFA/Drivers/USB/Core/HostStandardReq.o
 .bss           0x00000000        0x0 ../../../../LUFA/Drivers/USB/Core/HostStandardReq.o
 .text.USB_Host_SetInterfaceAltSetting
                0x00000000        0x0 ../../../../LUFA/Drivers/USB/Core/HostStandardReq.o
 .text.USB_Host_GetDeviceStatus
                0x00000000        0x0 ../../../../LUFA/Drivers/USB/Core/HostStandardReq.o
 .text.USB_Host_GetDeviceStringDescriptor
                0x00000000        0x0 ../../../../LUFA/Drivers/USB/Core/HostStandardReq.o
 .text.USB_Host_GetDeviceDescriptor
                0x00000000        0x0 ../../../../LUFA/Drivers/USB/Core/HostStandardReq.o
 .text          0x00000000        0x0 ../../../../LUFA/Drivers/USB/Core/USBTask.o
 .data          0x00000000        0x0 ../../../../LUFA/Drivers/USB/Core/USBTask.o
 .bss           0x00000000        0x0 ../../../../LUFA/Drivers/USB/Core/USBTask.o
 .text          0x00000000        0x0 ../../../../LUFA/Drivers/USB/Class/Common/HIDParser.o
 .data          0x00000000        0x0 ../../../../LUFA/Drivers/USB/Class/Common/HIDParser.o
 .bss           0x00000000        0x0 ../../../../LUFA/Drivers/USB/Class/Common/HIDParser.o
 .text.USB_GetHIDReportItemInfo
                0x00000000        0x0 ../../../../LUFA/Drivers/USB/Class/Common/HIDParser.o
 .text.USB_SetHIDReportItemInfo
                0x00000000        0x0 ../../../../LUFA/Drivers/USB/Class/Common/HIDParser.o
 .text.USB_GetHIDReportSize
                0x00000000        0x0 ../../../../LUFA/Drivers/USB/Class/Common/HIDParser.o
 .text.USB_ProcessHIDReport
                0x00000000        0x0 ../../../../LUFA/Drivers/USB/Class/Common/HIDParser.o
 .text          0x00000000        0x0 ../../../../LUFA/Drivers/Peripheral/AVR8/Serial_AVR8.o
 .data          0x00000000        0x0 ../../../../LUFA/Drivers/Peripheral/AVR8/Serial_AVR8.o
 .bss           0x00000000        0x0 ../../../../LUFA/Drivers/Peripheral/AVR8/Serial_AVR8.o
 .text.Serial_getchar_Blocking
                0x00000000        0x0 ../../../../LUFA/Drivers/Peripheral/AVR8/Serial_AVR8.o
 .text.Serial_SendString_P
                0x00000000        0x0 ../../../../LUFA/Drivers/Peripheral/AVR8/Serial_AVR8.o
 .text.Serial_SendString
                0x00000000        0x0 ../../../../LUFA/Drivers/Peripheral/AVR8/Serial_AVR8.o
 .text.Serial_SendData
                0x00000000        0x0 ../../../../LUFA/Drivers/Peripheral/AVR8/Serial_AVR8.o
 .text          0x00000000        0x0 c:/winavr-20100110/bin/../lib/gcc/avr/4.3.3/avr51\libgcc.a(_mulsi3.o)
 .data          0x00000000        0x0 c:/winavr-20100110/bin/../lib/gcc/avr/4.3.3/avr51\libgcc.a(_mulsi3.o)
 .bss           0x00000000        0x0 c:/winavr-20100110/bin/../lib/gcc/avr/4.3.3/avr51\libgcc.a(_mulsi3.o)
 .text          0x00000000        0x0 c:/winavr-20100110/bin/../lib/gcc/avr/4.3.3/avr51\libgcc.a(_exit.o)
 .data          0x00000000        0x0 c:/winavr-20100110/bin/../lib/gcc/avr/4.3.3/avr51\libgcc.a(_exit.o)
 .bss           0x00000000        0x0 c:/winavr-20100110/bin/../lib/gcc/avr/4.3.3/avr51\libgcc.a(_exit.o)
 .text.libgcc   0x00000000        0x0 c:/winavr-20100110/bin/../lib/gcc/avr/4.3.3/avr51\libgcc.a(_exit.o)
 .text          0x00000000        0x0 c:/winavr-20100110/bin/../lib/gcc/avr/4.3.3/avr51\libgcc.a(_clear_bss.o)
 .data          0x00000000        0x0 c:/winavr-20100110/bin/../lib/gcc/avr/4.3.3/avr51\libgcc.a(_clear_bss.o)
 .bss           0x00000000        0x0 c:/winavr-20100110/bin/../lib/gcc/avr/4.3.3/avr51\libgcc.a(_clear_bss.o)
 .text.libgcc   0x00000000        0x0 c:/winavr-20100110/bin/../lib/gcc/avr/4.3.3/avr51\libgcc.a(_clear_bss.o)
 .text          0x00000000        0x0 c:/winavr-20100110/bin/../lib/gcc/avr/4.3.3/../../../../avr/lib/avr51\libc.a(isprint.o)
 .data          0x00000000        0x0 c:/winavr-20100110/bin/../lib/gcc/avr/4.3.3/../../../../avr/lib/avr51\libc.a(isprint.o)
 .bss           0x00000000        0x0 c:/winavr-20100110/bin/../lib/gcc/avr/4.3.3/../../../../avr/lib/avr51\libc.a(isprint.o)
 .text          0x00000000        0x0 c:/winavr-20100110/bin/../lib/gcc/avr/4.3.3/../../../../avr/lib/avr51\libc.a(fputc.o)
 .data          0x00000000        0x0 c:/winavr-20100110/bin/../lib/gcc/avr/4.3.3/../../../../avr/lib/avr51\libc.a(fputc.o)
 .bss           0x00000000        0x0 c:/winavr-20100110/bin/../lib/gcc/avr/4.3.3/../../../../avr/lib/avr51\libc.a(fputc.o)
 .text          0x00000000        0x0 c:/winavr-20100110/bin/../lib/gcc/avr/4.3.3/../../../../avr/lib/avr51\libc.a(iob.o)
 .data          0x00000000        0x0 c:/winavr-20100110/bin/../lib/gcc/avr/4.3.3/../../../../avr/lib/avr51\libc.a(iob.o)
 .bss           0x00000000        0x0 c:/winavr-20100110/bin/../lib/gcc/avr/4.3.3/../../../../avr/lib/avr51\libc.a(iob.o)
 .text          0x00000000        0x0 c:/winavr-20100110/bin/../lib/gcc/avr/4.3.3/../../../../avr/lib/avr51\libc.a(printf_p.o)
 .data          0x00000000        0x0 c:/winavr-20100110/bin/../lib/gcc/avr/4.3.3/../../../../avr/lib/avr51\libc.a(printf_p.o)
 .bss           0x00000000        0x0 c:/winavr-20100110/bin/../lib/gcc/avr/4.3.3/../../../../avr/lib/avr51\libc.a(printf_p.o)
 .text          0x00000000        0x0 c:/winavr-20100110/bin/../lib/gcc/avr/4.3.3/../../../../avr/lib/avr51\libc.a(puts_p.o)
 .data          0x00000000        0x0 c:/winavr-20100110/bin/../lib/gcc/avr/4.3.3/../../../../avr/lib/avr51\libc.a(puts_p.o)
 .bss           0x00000000        0x0 c:/winavr-20100110/bin/../lib/gcc/avr/4.3.3/../../../../avr/lib/avr51\libc.a(puts_p.o)
 .text          0x00000000        0x0 c:/winavr-20100110/bin/../lib/gcc/avr/4.3.3/../../../../avr/lib/avr51\libc.a(vfprintf_std.o)
 .data          0x00000000        0x0 c:/winavr-20100110/bin/../lib/gcc/avr/4.3.3/../../../../avr/lib/avr51\libc.a(vfprintf_std.o)
 .bss           0x00000000        0x0 c:/winavr-20100110/bin/../lib/gcc/avr/4.3.3/../../../../avr/lib/avr51\libc.a(vfprintf_std.o)
 .text          0x00000000        0x0 c:/winavr-20100110/bin/../lib/gcc/avr/4.3.3/../../../../avr/lib/avr51\libc.a(eerd_byte_at90usb1287.o)
 .data          0x00000000        0x0 c:/winavr-20100110/bin/../lib/gcc/avr/4.3.3/../../../../avr/lib/avr51\libc.a(eerd_byte_at90usb1287.o)
 .bss           0x00000000        0x0 c:/winavr-20100110/bin/../lib/gcc/avr/4.3.3/../../../../avr/lib/avr51\libc.a(eerd_byte_at90usb1287.o)
 .text.avr-libc
                0x00000000        0x0 c:/winavr-20100110/bin/../lib/gcc/avr/4.3.3/../../../../avr/lib/avr51\libc.a(eerd_byte_at90usb1287.o)
 .text          0x00000000        0x0 c:/winavr-20100110/bin/../lib/gcc/avr/4.3.3/../../../../avr/lib/avr51\libc.a(eeupd_byte_at90usb1287.o)
 .data          0x00000000        0x0 c:/winavr-20100110/bin/../lib/gcc/avr/4.3.3/../../../../avr/lib/avr51\libc.a(eeupd_byte_at90usb1287.o)
 .bss           0x00000000        0x0 c:/winavr-20100110/bin/../lib/gcc/avr/4.3.3/../../../../avr/lib/avr51\libc.a(eeupd_byte_at90usb1287.o)
 .text.avr-libc
                0x00000000        0x0 c:/winavr-20100110/bin/../lib/gcc/avr/4.3.3/../../../../avr/lib/avr51\libc.a(eeupd_byte_at90usb1287.o)
 .text          0x00000000        0x0 c:/winavr-20100110/bin/../lib/gcc/avr/4.3.3/../../../../avr/lib/avr51\libc.a(cty_isfalse.o)
 .data          0x00000000        0x0 c:/winavr-20100110/bin/../lib/gcc/avr/4.3.3/../../../../avr/lib/avr51\libc.a(cty_isfalse.o)
 .bss           0x00000000        0x0 c:/winavr-20100110/bin/../lib/gcc/avr/4.3.3/../../../../avr/lib/avr51\libc.a(cty_isfalse.o)
 .text          0x00000000        0x0 c:/winavr-20100110/bin/../lib/gcc/avr/4.3.3/../../../../avr/lib/avr51\libc.a(strnlen_P.o)
 .data          0x00000000        0x0 c:/winavr-20100110/bin/../lib/gcc/avr/4.3.3/../../../../avr/lib/avr51\libc.a(strnlen_P.o)
 .bss           0x00000000        0x0 c:/winavr-20100110/bin/../lib/gcc/avr/4.3.3/../../../../avr/lib/avr51\libc.a(strnlen_P.o)
 .text          0x00000000        0x0 c:/winavr-20100110/bin/../lib/gcc/avr/4.3.3/../../../../avr/lib/avr51\libc.a(strnlen.o)
 .data          0x00000000        0x0 c:/winavr-20100110/bin/../lib/gcc/avr/4.3.3/../../../../avr/lib/avr51\libc.a(strnlen.o)
 .bss           0x00000000        0x0 c:/winavr-20100110/bin/../lib/gcc/avr/4.3.3/../../../../avr/lib/avr51\libc.a(strnlen.o)
 .text          0x00000000        0x0 c:/winavr-20100110/bin/../lib/gcc/avr/4.3.3/../../../../avr/lib/avr51\libc.a(ultoa_invert.o)
 .data          0x00000000        0x0 c:/winavr-20100110/bin/../lib/gcc/avr/4.3.3/../../../../avr/lib/avr51\libc.a(ultoa_invert.o)
 .bss           0x00000000        0x0 c:/winavr-20100110/bin/../lib/gcc/avr/4.3.3/../../../../avr/lib/avr51\libc.a(ultoa_invert.o)

Memory Configuration

Name             Origin             Length             Attributes
text             0x00000000         0x00020000         xr
data             0x00800060         0x0000ffa0         rw !x
eeprom           0x00810000         0x00010000         rw !x
fuse             0x00820000         0x00000400         rw !x
lock             0x00830000         0x00000400         rw !x
signature        0x00840000         0x00000400         rw !x
*default*        0x00000000         0xffffffff

Linker script and memory map

Address of section .data set to 0x800100
LOAD c:/winavr-20100110/bin/../lib/gcc/avr/4.3.3/../../../../avr/lib/avr51/crtusb1287.o
LOAD MassStorageHost.o
LOAD ConfigDescriptor.o
LOAD Lib/MassStoreCommands.o
LOAD ../../../../LUFA/Drivers/USB/Core/AVR8/Device_AVR8.o
LOAD ../../../../LUFA/Drivers/USB/Core/AVR8/Endpoint_AVR8.o
LOAD ../../../../LUFA/Drivers/USB/Core/AVR8/Host_AVR8.o
LOAD ../../../../LUFA/Drivers/USB/Core/AVR8/Pipe_AVR8.o
LOAD ../../../../LUFA/Drivers/USB/Core/AVR8/USBController_AVR8.o
LOAD ../../../../LUFA/Drivers/USB/Core/AVR8/USBInterrupt_AVR8.o
LOAD ../../../../LUFA/Drivers/USB/Core/AVR8/EndpointStream_AVR8.o
LOAD ../../../../LUFA/Drivers/USB/Core/AVR8/PipeStream_AVR8.o
LOAD ../../../../LUFA/Drivers/USB/Core/ConfigDescriptor.o
LOAD ../../../../LUFA/Drivers/USB/Core/DeviceStandardReq.o
LOAD ../../../../LUFA/Drivers/USB/Core/Events.o
LOAD ../../../../LUFA/Drivers/USB/Core/HostStandardReq.o
LOAD ../../../../LUFA/Drivers/USB/Core/USBTask.o
LOAD ../../../../LUFA/Drivers/USB/Class/Common/HIDParser.o
LOAD ../../../../LUFA/Drivers/Peripheral/AVR8/Serial_AVR8.o
LOAD c:/winavr-20100110/bin/../lib/gcc/avr/4.3.3/../../../../avr/lib/avr51\libm.a
LOAD c:/winavr-20100110/bin/../lib/gcc/avr/4.3.3/avr51\libgcc.a
LOAD c:/winavr-20100110/bin/../lib/gcc/avr/4.3.3/../../../../avr/lib/avr51\libc.a
LOAD c:/winavr-20100110/bin/../lib/gcc/avr/4.3.3/avr51\libgcc.a

.hash
 *(.hash)

.dynsym
 *(.dynsym)

.dynstr
 *(.dynstr)

.gnu.version
 *(.gnu.version)

.gnu.version_d
 *(.gnu.version_d)

.gnu.version_r
 *(.gnu.version_r)

.rel.init
 *(.rel.init)

.rela.init
 *(.rela.init)

.rel.text
 *(.rel.text)
 *(.rel.text.*)
 *(.rel.gnu.linkonce.t*)

.rela.text
 *(.rela.text)
 *(.rela.text.*)
 *(.rela.gnu.linkonce.t*)

.rel.fini
 *(.rel.fini)

.rela.fini
 *(.rela.fini)

.rel.rodata
 *(.rel.rodata)
 *(.rel.rodata.*)
 *(.rel.gnu.linkonce.r*)

.rela.rodata
 *(.rela.rodata)
 *(.rela.rodata.*)
 *(.rela.gnu.linkonce.r*)

.rel.data
 *(.rel.data)
 *(.rel.data.*)
 *(.rel.gnu.linkonce.d*)

.rela.data
 *(.rela.data)
 *(.rela.data.*)
 *(.rela.gnu.linkonce.d*)

.rel.ctors
 *(.rel.ctors)

.rela.ctors
 *(.rela.ctors)

.rel.dtors
 *(.rel.dtors)

.rela.dtors
 *(.rela.dtors)

.rel.got
 *(.rel.got)

.rela.got
 *(.rela.got)

.rel.bss
 *(.rel.bss)

.rela.bss
 *(.rela.bss)

.rel.plt
 *(.rel.plt)

.rela.plt
 *(.rela.plt)

.text           0x00000000     0x2646
 *(.vectors)
 .vectors       0x00000000       0x98 c:/winavr-20100110/bin/../lib/gcc/avr/4.3.3/../../../../avr/lib/avr51/crtusb1287.o
                0x00000000                __vectors
                0x00000000                __vector_default
 *(.vectors)
 *(.progmem.gcc*)
 *(.progmem*)
 .progmem.data  0x00000098      0x3b5 MassStorageHost.o
                0x0000044e                . = ALIGN (0x2)
 *fill*         0x0000044d        0x1 00
                0x0000044e                __trampolines_start = .
 *(.trampolines)
 .trampolines   0x0000044e        0x0 linker stubs
 *(.trampolines*)
                0x0000044e                __trampolines_end = .
 *(.jumptables)
 *(.jumptables*)
 *(.lowtext)
 *(.lowtext*)
                0x0000044e                __ctors_start = .
 *(.ctors)
                0x0000044e                __ctors_end = .
                0x0000044e                __dtors_start = .
 *(.dtors)
                0x0000044e                __dtors_end = .
 SORT(*)(.ctors)
 SORT(*)(.dtors)
 *(.init0)
 .init0         0x0000044e        0x0 c:/winavr-20100110/bin/../lib/gcc/avr/4.3.3/../../../../avr/lib/avr51/crtusb1287.o
                0x0000044e                __init
 *(.init0)
 *(.init1)
 *(.init1)
 *(.init2)
 .init2         0x0000044e        0xc c:/winavr-20100110/bin/../lib/gcc/avr/4.3.3/../../../../avr/lib/avr51/crtusb1287.o
 *(.init2)
 *(.init3)
 *(.init3)
 *(.init4)
 .init4         0x0000045a       0x1a c:/winavr-20100110/bin/../lib/gcc/avr/4.3.3/../../../../avr/lib/avr51/crtusb1287.o
                0x0000045a                __do_copy_data
 .init4         0x00000474       0x10 c:/winavr-20100110/bin/../lib/gcc/avr/4.3.3/avr51\libgcc.a(_clear_bss.o)
                0x00000474                __do_clear_bss
 *(.init4)
 *(.init5)
 *(.init5)
 *(.init6)
 *(.init6)
 *(.init7)
 *(.init7)
 *(.init8)
 *(.init8)
 *(.init9)
 .init9         0x00000484        0x6 c:/winavr-20100110/bin/../lib/gcc/avr/4.3.3/../../../../avr/lib/avr51/crtusb1287.o
 *(.init9)
 *(.text)
 .text          0x0000048a        0x2 c:/winavr-20100110/bin/../lib/gcc/avr/4.3.3/../../../../avr/lib/avr51/crtusb1287.o
                0x0000048a                __vector_22
                0x0000048a                __vector_28
                0x0000048a                __vector_1
                0x0000048a                __vector_32
                0x0000048a                __vector_34
                0x0000048a                __vector_24
                0x0000048a                __vector_12
                0x0000048a                __bad_interrupt
                0x0000048a                __vector_6
                0x0000048a                __vector_31
                0x0000048a                __vector_35
                0x0000048a                __vector_3
                0x0000048a                __vector_23
                0x0000048a                __vector_30
                0x0000048a                __vector_25
                0x0000048a                __vector_11
                0x0000048a                __vector_13
                0x0000048a                __vector_17
                0x0000048a                __vector_19
                0x0000048a                __vector_7
                0x0000048a                __vector_27
                0x0000048a                __vector_5
                0x0000048a                __vector_33
                0x0000048a                __vector_37
                0x0000048a                __vector_4
                0x0000048a                __vector_9
                0x0000048a                __vector_2
                0x0000048a                __vector_21
                0x0000048a                __vector_15
                0x0000048a                __vector_36
                0x0000048a                __vector_29
                0x0000048a                __vector_8
                0x0000048a                __vector_26
                0x0000048a                __vector_14
                0x0000048a                __vector_16
                0x0000048a                __vector_18
                0x0000048a                __vector_20
                0x0000048c                . = ALIGN (0x2)
 *(.text.*)
 .text.ShowDiskReadError
                0x0000048c       0x7c MassStorageHost.o
                0x0000048c                ShowDiskReadError
 .text.EVENT_USB_Host_DeviceEnumerationFailed
                0x00000508       0x58 MassStorageHost.o
                0x00000508                EVENT_USB_Host_DeviceEnumerationFailed
 .text.EVENT_USB_Host_DeviceUnattached
                0x00000560       0x12 MassStorageHost.o
                0x00000560                EVENT_USB_Host_DeviceUnattached
 .text.EVENT_USB_Host_DeviceAttached
                0x00000572       0x12 MassStorageHost.o
                0x00000572                EVENT_USB_Host_DeviceAttached
 .text.MassStorageHost_Task
                0x00000584      0x40a MassStorageHost.o
                0x00000584                MassStorageHost_Task
 .text.EVENT_USB_Host_HostError
                0x0000098e       0x3a MassStorageHost.o
                0x0000098e                EVENT_USB_Host_HostError
 .text.EVENT_USB_Host_DeviceEnumerationComplete
                0x000009c8       0x96 MassStorageHost.o
                0x000009c8                EVENT_USB_Host_DeviceEnumerationComplete
 .text.SetupHardware
                0x00000a5e       0x98 MassStorageHost.o
                0x00000a5e                SetupHardware
 .text.main     0x00000af6       0x1c MassStorageHost.o
                0x00000af6                main
 .text.DComp_NextMSInterface
                0x00000b12       0x22 ConfigDescriptor.o
                0x00000b12                DComp_NextMSInterface
 .text.DComp_NextMSInterfaceBulkDataEndpoint
                0x00000b34       0x20 ConfigDescriptor.o
                0x00000b34                DComp_NextMSInterfaceBulkDataEndpoint
 .text.ProcessConfigurationDescriptor
                0x00000b54      0x118 ConfigDescriptor.o
                0x00000b54                ProcessConfigurationDescriptor
 .text.MassStore_WaitForDataReceived
                0x00000c6c       0xd4 Lib/MassStoreCommands.o
 .text.MassStore_SendCommand
                0x00000d40      0x15e Lib/MassStoreCommands.o
 .text.MassStore_GetReturnedStatus
                0x00000e9e       0x52 Lib/MassStoreCommands.o
 .text.MassStore_PreventAllowMediumRemoval
                0x00000ef0       0x76 Lib/MassStoreCommands.o
                0x00000ef0                MassStore_PreventAllowMediumRemoval
 .text.MassStore_TestUnitReady
                0x00000f66       0x74 Lib/MassStoreCommands.o
                0x00000f66                MassStore_TestUnitReady
 .text.MassStore_ReadDeviceBlock
                0x00000fda       0xe0 Lib/MassStoreCommands.o
                0x00000fda                MassStore_ReadDeviceBlock
 .text.MassStore_RequestSense
                0x000010ba       0x88 Lib/MassStoreCommands.o
                0x000010ba                MassStore_RequestSense
 .text.MassStore_Inquiry
                0x00001142       0x88 Lib/MassStoreCommands.o
                0x00001142                MassStore_Inquiry
 .text.SwapEndian_32
                0x000011ca        0xc Lib/MassStoreCommands.o
 .text.MassStore_ReadCapacity
                0x000011d6       0xbe Lib/MassStoreCommands.o
                0x000011d6                MassStore_ReadCapacity
 .text.MassStore_GetMaxLUN
                0x00001294       0x38 Lib/MassStoreCommands.o
                0x00001294                MassStore_GetMaxLUN
 .text.MassStore_MassStorageReset
                0x000012cc       0x66 Lib/MassStoreCommands.o
                0x000012cc                MassStore_MassStorageReset
 .text.USB_Host_WaitMS
                0x00001332       0x9e ../../../../LUFA/Drivers/USB/Core/AVR8/Host_AVR8.o
                0x00001332                USB_Host_WaitMS
 .text.USB_Host_ResetDevice
                0x000013d0       0x9c ../../../../LUFA/Drivers/USB/Core/AVR8/Host_AVR8.o
 .text.USB_Host_ProcessNextHostState
                0x0000146c      0x25a ../../../../LUFA/Drivers/USB/Core/AVR8/Host_AVR8.o
                0x0000146c                USB_Host_ProcessNextHostState
 .text.Pipe_ConfigurePipe
                0x000016c6       0xbc ../../../../LUFA/Drivers/USB/Core/AVR8/Pipe_AVR8.o
                0x000016c6                Pipe_ConfigurePipe
 .text.Pipe_ClearPipes
                0x00001782       0x28 ../../../../LUFA/Drivers/USB/Core/AVR8/Pipe_AVR8.o
                0x00001782                Pipe_ClearPipes
 .text.Pipe_WaitUntilReady
                0x000017aa       0x64 ../../../../LUFA/Drivers/USB/Core/AVR8/Pipe_AVR8.o
                0x000017aa                Pipe_WaitUntilReady
 .text.USB_ResetInterface
                0x0000180e       0xa0 ../../../../LUFA/Drivers/USB/Core/AVR8/USBController_AVR8.o
                0x0000180e                USB_ResetInterface
 .text.USB_Init
                0x000018ae       0x12 ../../../../LUFA/Drivers/USB/Core/AVR8/USBController_AVR8.o
                0x000018ae                USB_Init
 .text.USB_Disable
                0x000018c0       0x30 ../../../../LUFA/Drivers/USB/Core/AVR8/USBController_AVR8.o
                0x000018c0                USB_Disable
 .text.USB_INT_DisableAllInterrupts
                0x000018f0       0x10 ../../../../LUFA/Drivers/USB/Core/AVR8/USBInterrupt_AVR8.o
                0x000018f0                USB_INT_DisableAllInterrupts
 .text.USB_INT_ClearAllInterrupts
                0x00001900        0xa ../../../../LUFA/Drivers/USB/Core/AVR8/USBInterrupt_AVR8.o
                0x00001900                USB_INT_ClearAllInterrupts
 .text.__vector_10
                0x0000190a      0x132 ../../../../LUFA/Drivers/USB/Core/AVR8/USBInterrupt_AVR8.o
                0x0000190a                __vector_10
 .text.Pipe_Read_Stream_LE
                0x00001a3c       0xae ../../../../LUFA/Drivers/USB/Core/AVR8/PipeStream_AVR8.o
                0x00001a3c                Pipe_Read_Stream_LE
 .text.Pipe_Write_Stream_LE
                0x00001aea       0xae ../../../../LUFA/Drivers/USB/Core/AVR8/PipeStream_AVR8.o
                0x00001aea                Pipe_Write_Stream_LE
 .text.USB_GetNextDescriptorComp
                0x00001b98       0x88 ../../../../LUFA/Drivers/USB/Core/ConfigDescriptor.o
                0x00001b98                USB_GetNextDescriptorComp
 .text.USB_Host_GetDeviceConfigDescriptor
                0x00001c20       0xb4 ../../../../LUFA/Drivers/USB/Core/ConfigDescriptor.o
                0x00001c20                USB_Host_GetDeviceConfigDescriptor
 .text.USB_Event_Stub
                0x00001cd4        0x2 ../../../../LUFA/Drivers/USB/Core/Events.o
                0x00001cd4                USB_Event_Stub
                0x00001cd4                EVENT_USB_Host_StartOfFrame
 .text.USB_Host_WaitForIOS
                0x00001cd6       0x52 ../../../../LUFA/Drivers/USB/Core/HostStandardReq.o
 .text.USB_Host_SendControlRequest
                0x00001d28      0x20e ../../../../LUFA/Drivers/USB/Core/HostStandardReq.o
                0x00001d28                USB_Host_SendControlRequest
 .text.USB_Host_ClearEndpointStall
                0x00001f36       0x2e ../../../../LUFA/Drivers/USB/Core/HostStandardReq.o
                0x00001f36                USB_Host_ClearEndpointStall
 .text.USB_Host_SetDeviceConfiguration
                0x00001f64       0x4a ../../../../LUFA/Drivers/USB/Core/HostStandardReq.o
                0x00001f64                USB_Host_SetDeviceConfiguration
 .text.USB_USBTask
                0x00001fae       0x24 ../../../../LUFA/Drivers/USB/Core/USBTask.o
                0x00001fae                USB_USBTask
 .text.Serial_putchar
                0x00001fd2       0x14 ../../../../LUFA/Drivers/Peripheral/AVR8/Serial_AVR8.o
                0x00001fd2                Serial_putchar
 .text.Serial_getchar
                0x00001fe6       0x28 ../../../../LUFA/Drivers/Peripheral/AVR8/Serial_AVR8.o
                0x00001fe6                Serial_getchar
 .text.libgcc   0x0000200e       0x3e c:/winavr-20100110/bin/../lib/gcc/avr/4.3.3/avr51\libgcc.a(_mulsi3.o)
                0x0000200e                __mulsi3
 .text.avr-libc
                0x0000204c       0x10 c:/winavr-20100110/bin/../lib/gcc/avr/4.3.3/../../../../avr/lib/avr51\libc.a(isprint.o)
                0x0000204c                isgraph
                0x00002050                isprint
 .text.avr-libc
                0x0000205c       0x58 c:/winavr-20100110/bin/../lib/gcc/avr/4.3.3/../../../../avr/lib/avr51\libc.a(fputc.o)
                0x0000205c                fputc
 .text.avr-libc
                0x000020b4       0x44 c:/winavr-20100110/bin/../lib/gcc/avr/4.3.3/../../../../avr/lib/avr51\libc.a(printf_p.o)
                0x000020b4                printf_P
 .text.avr-libc
                0x000020f8       0x6a c:/winavr-20100110/bin/../lib/gcc/avr/4.3.3/../../../../avr/lib/avr51\libc.a(puts_p.o)
                0x000020f8                puts_P
 .text.avr-libc
                0x00002162      0x3f2 c:/winavr-20100110/bin/../lib/gcc/avr/4.3.3/../../../../avr/lib/avr51\libc.a(vfprintf_std.o)
                0x00002162                vfprintf
 .text.avr-libc
                0x00002554        0x6 c:/winavr-20100110/bin/../lib/gcc/avr/4.3.3/../../../../avr/lib/avr51\libc.a(cty_isfalse.o)
                0x00002558                __ctype_istrue
                0x00002554                __ctype_isfalse
 .text.avr-libc
                0x0000255a       0x16 c:/winavr-20100110/bin/../lib/gcc/avr/4.3.3/../../../../avr/lib/avr51\libc.a(strnlen_P.o)
                0x0000255a                strnlen_P
 .text.avr-libc
                0x00002570       0x16 c:/winavr-20100110/bin/../lib/gcc/avr/4.3.3/../../../../avr/lib/avr51\libc.a(strnlen.o)
                0x00002570                strnlen
 .text.avr-libc
                0x00002586       0xbc c:/winavr-20100110/bin/../lib/gcc/avr/4.3.3/../../../../avr/lib/avr51\libc.a(ultoa_invert.o)
                0x00002586                __ultoa_invert
                0x00002642                . = ALIGN (0x2)
 *(.fini9)
 .fini9         0x00002642        0x0 c:/winavr-20100110/bin/../lib/gcc/avr/4.3.3/avr51\libgcc.a(_exit.o)
                0x00002642                exit
                0x00002642                _exit
 *(.fini9)
 *(.fini8)
 *(.fini8)
 *(.fini7)
 *(.fini7)
 *(.fini6)
 *(.fini6)
 *(.fini5)
 *(.fini5)
 *(.fini4)
 *(.fini4)
 *(.fini3)
 *(.fini3)
 *(.fini2)
 *(.fini2)
 *(.fini1)
 *(.fini1)
 *(.fini0)
 .fini0         0x00002642        0x4 c:/winavr-20100110/bin/../lib/gcc/avr/4.3.3/avr51\libgcc.a(_exit.o)
 *(.fini0)
                0x00002646                _etext = .

.data           0x00800100       0x26 load address 0x00002646
                0x00800100                PROVIDE (__data_start, .)
 *(.data)
 .data          0x00800100       0x14 Lib/MassStoreCommands.o
 .data          0x00800114       0x10 ../../../../LUFA/Drivers/USB/Core/AVR8/Host_AVR8.o
 .data          0x00800124        0x1 ../../../../LUFA/Drivers/USB/Core/AVR8/Pipe_AVR8.o
                0x00800124                USB_Host_ControlPipeSize
 *(.data*)
 *(.rodata)
 *(.rodata*)
 *(.gnu.linkonce.d*)
                0x00800126                . = ALIGN (0x2)
 *fill*         0x00800125        0x1 00
                0x00800126                _edata = .
                0x00800126                PROVIDE (__data_end, .)

.bss            0x00800126       0x23
                0x00800126                PROVIDE (__bss_start, .)
 *(.bss)
 .bss           0x00800126        0x3 ../../../../LUFA/Drivers/USB/Core/AVR8/Host_AVR8.o
 *(.bss*)
 *(COMMON)
 COMMON         0x00800129        0x1 MassStorageHost.o
                0x00800129                MassStore_MaxLUNIndex
 COMMON         0x0080012a        0x1 ../../../../LUFA/Drivers/USB/Core/HostStandardReq.o
                0x0080012a                USB_Host_ConfigurationNumber
 COMMON         0x0080012b        0xa ../../../../LUFA/Drivers/USB/Core/USBTask.o
                0x0080012b                USB_IsInitialized
                0x0080012c                USB_ControlRequest
                0x00800134                USB_HostState
 COMMON         0x00800135        0xe ../../../../LUFA/Drivers/Peripheral/AVR8/Serial_AVR8.o
                0x00800135                USARTSerialStream
 COMMON         0x00800143        0x6 c:/winavr-20100110/bin/../lib/gcc/avr/4.3.3/../../../../avr/lib/avr51\libc.a(iob.o)
                0x00800143                __iob
                0x00800149                PROVIDE (__bss_end, .)
                0x00002646                __data_load_start = LOADADDR (.data)
                0x0000266c                __data_load_end = (__data_load_start + SIZEOF (.data))

.noinit         0x00800149        0x0
                0x00800149                PROVIDE (__noinit_start, .)
 *(.noinit*)
                0x00800149                PROVIDE (__noinit_end, .)
                0x00800149                _end = .
                0x00800149                PROVIDE (__heap_start, .)

.eeprom         0x00810000        0x0
 *(.eeprom*)
                0x00810000                __eeprom_end = .

.fuse
 *(.fuse)
 *(.lfuse)
 *(.hfuse)
 *(.efuse)

.lock
 *(.lock*)

.signature
 *(.signature*)

.stab
 *(.stab)

.stabstr
 *(.stabstr)

.stab.excl
 *(.stab.excl)

.stab.exclstr
 *(.stab.exclstr)

.stab.index
 *(.stab.index)

.stab.indexstr
 *(.stab.indexstr)

.comment
 *(.comment)

.debug
 *(.debug)

.line
 *(.line)

.debug_srcinfo
 *(.debug_srcinfo)

.debug_sfnames
 *(.debug_sfnames)

.debug_aranges  0x00000000      0x3a8
 *(.debug_aranges)
 .debug_aranges
                0x00000000       0x60 MassStorageHost.o
 .debug_aranges
                0x00000060       0x30 ConfigDescriptor.o
 .debug_aranges
                0x00000090       0x80 Lib/MassStoreCommands.o
 .debug_aranges
                0x00000110       0x30 ../../../../LUFA/Drivers/USB/Core/AVR8/Host_AVR8.o
 .debug_aranges
                0x00000140       0x38 ../../../../LUFA/Drivers/USB/Core/AVR8/Pipe_AVR8.o
 .debug_aranges
                0x00000178       0x30 ../../../../LUFA/Drivers/USB/Core/AVR8/USBController_AVR8.o
 .debug_aranges
                0x000001a8       0x30 ../../../../LUFA/Drivers/USB/Core/AVR8/USBInterrupt_AVR8.o
 .debug_aranges
                0x000001d8       0x78 ../../../../LUFA/Drivers/USB/Core/AVR8/PipeStream_AVR8.o
 .debug_aranges
                0x00000250       0x40 ../../../../LUFA/Drivers/USB/Core/ConfigDescriptor.o
 .debug_aranges
                0x00000290       0x20 ../../../../LUFA/Drivers/USB/Core/Events.o
 .debug_aranges
                0x000002b0       0x58 ../../../../LUFA/Drivers/USB/Core/HostStandardReq.o
 .debug_aranges
                0x00000308       0x20 ../../../../LUFA/Drivers/USB/Core/USBTask.o
 .debug_aranges
                0x00000328       0x38 ../../../../LUFA/Drivers/USB/Class/Common/HIDParser.o
 .debug_aranges
                0x00000360       0x48 ../../../../LUFA/Drivers/Peripheral/AVR8/Serial_AVR8.o

.debug_pubnames
                0x00000000      0x908
 *(.debug_pubnames)
 .debug_pubnames
                0x00000000      0x131 MassStorageHost.o
 .debug_pubnames
                0x00000131       0x79 ConfigDescriptor.o
 .debug_pubnames
                0x000001aa      0x116 Lib/MassStoreCommands.o
 .debug_pubnames
                0x000002c0       0x48 ../../../../LUFA/Drivers/USB/Core/AVR8/Host_AVR8.o
 .debug_pubnames
                0x00000308       0x8b ../../../../LUFA/Drivers/USB/Core/AVR8/Pipe_AVR8.o
 .debug_pubnames
                0x00000393       0x46 ../../../../LUFA/Drivers/USB/Core/AVR8/USBController_AVR8.o
 .debug_pubnames
                0x000003d9       0x62 ../../../../LUFA/Drivers/USB/Core/AVR8/USBInterrupt_AVR8.o
 .debug_pubnames
                0x0000043b      0x13b ../../../../LUFA/Drivers/USB/Core/AVR8/PipeStream_AVR8.o
 .debug_pubnames
                0x00000576       0xc2 ../../../../LUFA/Drivers/USB/Core/ConfigDescriptor.o
 .debug_pubnames
                0x00000638       0x25 ../../../../LUFA/Drivers/USB/Core/Events.o
 .debug_pubnames
                0x0000065d      0x120 ../../../../LUFA/Drivers/USB/Core/HostStandardReq.o
 .debug_pubnames
                0x0000077d       0x61 ../../../../LUFA/Drivers/USB/Core/USBTask.o
 .debug_pubnames
                0x000007de       0x7e ../../../../LUFA/Drivers/USB/Class/Common/HIDParser.o
 .debug_pubnames
                0x0000085c       0xac ../../../../LUFA/Drivers/Peripheral/AVR8/Serial_AVR8.o

.debug_info     0x00000000     0x61d7
 *(.debug_info)
 .debug_info    0x00000000      0xec0 MassStorageHost.o
 .debug_info    0x00000ec0      0x4d7 ConfigDescriptor.o
 .debug_info    0x00001397     0x1113 Lib/MassStoreCommands.o
 .debug_info    0x000024aa        0x0 ../../../../LUFA/Drivers/USB/Core/AVR8/Device_AVR8.o
 .debug_info    0x000024aa        0x0 ../../../../LUFA/Drivers/USB/Core/AVR8/Endpoint_AVR8.o
 .debug_info    0x000024aa      0x994 ../../../../LUFA/Drivers/USB/Core/AVR8/Host_AVR8.o
 .debug_info    0x00002e3e      0x549 ../../../../LUFA/Drivers/USB/Core/AVR8/Pipe_AVR8.o
 .debug_info    0x00003387      0x3cf ../../../../LUFA/Drivers/USB/Core/AVR8/USBController_AVR8.o
 .debug_info    0x00003756      0x434 ../../../../LUFA/Drivers/USB/Core/AVR8/USBInterrupt_AVR8.o
 .debug_info    0x00003b8a        0x0 ../../../../LUFA/Drivers/USB/Core/AVR8/EndpointStream_AVR8.o
 .debug_info    0x00003b8a      0xa84 ../../../../LUFA/Drivers/USB/Core/AVR8/PipeStream_AVR8.o
 .debug_info    0x0000460e      0x5ee ../../../../LUFA/Drivers/USB/Core/ConfigDescriptor.o
 .debug_info    0x00004bfc        0x0 ../../../../LUFA/Drivers/USB/Core/DeviceStandardReq.o
 .debug_info    0x00004bfc       0x79 ../../../../LUFA/Drivers/USB/Core/Events.o
 .debug_info    0x00004c75      0x8ae ../../../../LUFA/Drivers/USB/Core/HostStandardReq.o
 .debug_info    0x00005523      0x1ef ../../../../LUFA/Drivers/USB/Core/USBTask.o
 .debug_info    0x00005712      0x6ec ../../../../LUFA/Drivers/USB/Class/Common/HIDParser.o
 .debug_info    0x00005dfe      0x3d9 ../../../../LUFA/Drivers/Peripheral/AVR8/Serial_AVR8.o
 *(.gnu.linkonce.wi.*)

.debug_abbrev   0x00000000     0x19c3
 *(.debug_abbrev)
 .debug_abbrev  0x00000000      0x324 MassStorageHost.o
 .debug_abbrev  0x00000324      0x191 ConfigDescriptor.o
 .debug_abbrev  0x000004b5      0x34b Lib/MassStoreCommands.o
 .debug_abbrev  0x00000800        0x1 ../../../../LUFA/Drivers/USB/Core/AVR8/Device_AVR8.o
 .debug_abbrev  0x00000801        0x1 ../../../../LUFA/Drivers/USB/Core/AVR8/Endpoint_AVR8.o
 .debug_abbrev  0x00000802      0x2ae ../../../../LUFA/Drivers/USB/Core/AVR8/Host_AVR8.o
 .debug_abbrev  0x00000ab0      0x1f3 ../../../../LUFA/Drivers/USB/Core/AVR8/Pipe_AVR8.o
 .debug_abbrev  0x00000ca3      0x150 ../../../../LUFA/Drivers/USB/Core/AVR8/USBController_AVR8.o
 .debug_abbrev  0x00000df3      0x128 ../../../../LUFA/Drivers/USB/Core/AVR8/USBInterrupt_AVR8.o
 .debug_abbrev  0x00000f1b        0x1 ../../../../LUFA/Drivers/USB/Core/AVR8/EndpointStream_AVR8.o
 .debug_abbrev  0x00000f1c      0x16f ../../../../LUFA/Drivers/USB/Core/AVR8/PipeStream_AVR8.o
 .debug_abbrev  0x0000108b      0x1c8 ../../../../LUFA/Drivers/USB/Core/ConfigDescriptor.o
 .debug_abbrev  0x00001253        0x1 ../../../../LUFA/Drivers/USB/Core/DeviceStandardReq.o
 .debug_abbrev  0x00001254       0x4a ../../../../LUFA/Drivers/USB/Core/Events.o
 .debug_abbrev  0x0000129e      0x232 ../../../../LUFA/Drivers/USB/Core/HostStandardReq.o
 .debug_abbrev  0x000014d0      0x129 ../../../../LUFA/Drivers/USB/Core/USBTask.o
 .debug_abbrev  0x000015f9      0x1e7 ../../../../LUFA/Drivers/USB/Class/Common/HIDParser.o
 .debug_abbrev  0x000017e0      0x1e3 ../../../../LUFA/Drivers/Peripheral/AVR8/Serial_AVR8.o

.debug_line     0x00000000     0x4721
 *(.debug_line)
 .debug_line    0x00000000      0x741 MassStorageHost.o
 .debug_line    0x00000741      0x25d ConfigDescriptor.o
 .debug_line    0x0000099e      0x8b1 Lib/MassStoreCommands.o
 .debug_line    0x0000124f       0x24 ../../../../LUFA/Drivers/USB/Core/AVR8/Device_AVR8.o
 .debug_line    0x00001273       0x24 ../../../../LUFA/Drivers/USB/Core/AVR8/Endpoint_AVR8.o
 .debug_line    0x00001297      0x834 ../../../../LUFA/Drivers/USB/Core/AVR8/Host_AVR8.o
 .debug_line    0x00001acb      0x4a3 ../../../../LUFA/Drivers/USB/Core/AVR8/Pipe_AVR8.o
 .debug_line    0x00001f6e      0x3bb ../../../../LUFA/Drivers/USB/Core/AVR8/USBController_AVR8.o
 .debug_line    0x00002329      0x40f ../../../../LUFA/Drivers/USB/Core/AVR8/USBInterrupt_AVR8.o
 .debug_line    0x00002738       0x24 ../../../../LUFA/Drivers/USB/Core/AVR8/EndpointStream_AVR8.o
 .debug_line    0x0000275c      0xb5e ../../../../LUFA/Drivers/USB/Core/AVR8/PipeStream_AVR8.o
 .debug_line    0x000032ba      0x344 ../../../../LUFA/Drivers/USB/Core/ConfigDescriptor.o
 .debug_line    0x000035fe       0x24 ../../../../LUFA/Drivers/USB/Core/DeviceStandardReq.o
 .debug_line    0x00003622       0x86 ../../../../LUFA/Drivers/USB/Core/Events.o
 .debug_line    0x000036a8      0x694 ../../../../LUFA/Drivers/USB/Core/HostStandardReq.o
 .debug_line    0x00003d3c      0x18f ../../../../LUFA/Drivers/USB/Core/USBTask.o
 .debug_line    0x00003ecb      0x5ad ../../../../LUFA/Drivers/USB/Class/Common/HIDParser.o
 .debug_line    0x00004478      0x2a9 ../../../../LUFA/Drivers/Peripheral/AVR8/Serial_AVR8.o

.debug_frame    0x00000000      0x590
 *(.debug_frame)
 .debug_frame   0x00000000       0xa0 MassStorageHost.o
 .debug_frame   0x000000a0       0x40 ConfigDescriptor.o
 .debug_frame   0x000000e0       0xe0 Lib/MassStoreCommands.o
 .debug_frame   0x000001c0       0x40 ../../../../LUFA/Drivers/USB/Core/AVR8/Host_AVR8.o
 .debug_frame   0x00000200       0x50 ../../../../LUFA/Drivers/USB/Core/AVR8/Pipe_AVR8.o
 .debug_frame   0x00000250       0x40 ../../../../LUFA/Drivers/USB/Core/AVR8/USBController_AVR8.o
 .debug_frame   0x00000290       0x40 ../../../../LUFA/Drivers/USB/Core/AVR8/USBInterrupt_AVR8.o
 .debug_frame   0x000002d0       0xd0 ../../../../LUFA/Drivers/USB/Core/AVR8/PipeStream_AVR8.o
 .debug_frame   0x000003a0       0x60 ../../../../LUFA/Drivers/USB/Core/ConfigDescriptor.o
 .debug_frame   0x00000400       0x20 ../../../../LUFA/Drivers/USB/Core/Events.o
 .debug_frame   0x00000420       0x90 ../../../../LUFA/Drivers/USB/Core/HostStandardReq.o
 .debug_frame   0x000004b0       0x20 ../../../../LUFA/Drivers/USB/Core/USBTask.o
 .debug_frame   0x000004d0       0x50 ../../../../LUFA/Drivers/USB/Class/Common/HIDParser.o
 .debug_frame   0x00000520       0x70 ../../../../LUFA/Drivers/Peripheral/AVR8/Serial_AVR8.o

.debug_str      0x00000000     0x2714
 *(.debug_str)
 .debug_str     0x00000000      0x7fa MassStorageHost.o
                                0x862 (size before relaxing)
 .debug_str     0x000007fa      0x442 ConfigDescriptor.o
                                0x65b (size before relaxing)
 .debug_str     0x00000c3c      0x579 Lib/MassStoreCommands.o
                                0xb00 (size before relaxing)
 .debug_str     0x000011b5      0x585 ../../../../LUFA/Drivers/USB/Core/AVR8/Host_AVR8.o
                                0x9f2 (size before relaxing)
 .debug_str     0x0000173a      0x151 ../../../../LUFA/Drivers/USB/Core/AVR8/Pipe_AVR8.o
                                0x530 (size before relaxing)
 .debug_str     0x0000188b      0x16d ../../../../LUFA/Drivers/USB/Core/AVR8/USBController_AVR8.o
                                0x4d5 (size before relaxing)
 .debug_str     0x000019f8       0xaf ../../../../LUFA/Drivers/USB/Core/AVR8/USBInterrupt_AVR8.o
                                0x497 (size before relaxing)
 .debug_str     0x00001aa7      0x1c6 ../../../../LUFA/Drivers/USB/Core/AVR8/PipeStream_AVR8.o
                                0x37b (size before relaxing)
 .debug_str     0x00001c6d      0x1f3 ../../../../LUFA/Drivers/USB/Core/ConfigDescriptor.o
                                0x7c5 (size before relaxing)
 .debug_str     0x00001e60       0x3a ../../../../LUFA/Drivers/USB/Core/Events.o
                                 0xf6 (size before relaxing)
 .debug_str     0x00001e9a      0x2ba ../../../../LUFA/Drivers/USB/Core/HostStandardReq.o
                                0x9c1 (size before relaxing)
 .debug_str     0x00002154       0x4e ../../../../LUFA/Drivers/USB/Core/USBTask.o
                                0x1c5 (size before relaxing)
 .debug_str     0x000021a2      0x497 ../../../../LUFA/Drivers/USB/Class/Common/HIDParser.o
                                0x5e4 (size before relaxing)
 .debug_str     0x00002639       0xdb ../../../../LUFA/Drivers/Peripheral/AVR8/Serial_AVR8.o
                                0x244 (size before relaxing)

.debug_loc      0x00000000     0x2c35
 *(.debug_loc)
 .debug_loc     0x00000000      0x4b3 MassStorageHost.o
 .debug_loc     0x000004b3      0x120 ConfigDescriptor.o
 .debug_loc     0x000005d3      0x78f Lib/MassStoreCommands.o
 .debug_loc     0x00000d62      0x1c4 ../../../../LUFA/Drivers/USB/Core/AVR8/Host_AVR8.o
 .debug_loc     0x00000f26      0x1ca ../../../../LUFA/Drivers/USB/Core/AVR8/Pipe_AVR8.o
 .debug_loc     0x000010f0      0xe9e ../../../../LUFA/Drivers/USB/Core/AVR8/PipeStream_AVR8.o
 .debug_loc     0x00001f8e      0x3ac ../../../../LUFA/Drivers/USB/Core/ConfigDescriptor.o
 .debug_loc     0x0000233a      0x328 ../../../../LUFA/Drivers/USB/Core/HostStandardReq.o
 .debug_loc     0x00002662       0x13 ../../../../LUFA/Drivers/USB/Core/USBTask.o
 .debug_loc     0x00002675      0x4fa ../../../../LUFA/Drivers/USB/Class/Common/HIDParser.o
 .debug_loc     0x00002b6f       0xc6 ../../../../LUFA/Drivers/Peripheral/AVR8/Serial_AVR8.o

.debug_macinfo
 *(.debug_macinfo)
OUTPUT(MassStorageHost.elf elf32-avr)
LOAD linker stubs

.debug_ranges   0x00000000      0x4d8
 .debug_ranges  0x00000000       0x88 MassStorageHost.o
 .debug_ranges  0x00000088       0x40 ConfigDescriptor.o
 .debug_ranges  0x000000c8       0xd0 Lib/MassStoreCommands.o
 .debug_ranges  0x00000198       0x88 ../../../../LUFA/Drivers/USB/Core/AVR8/Host_AVR8.o
 .debug_ranges  0x00000220       0x48 ../../../../LUFA/Drivers/USB/Core/AVR8/Pipe_AVR8.o
 .debug_ranges  0x00000268       0x28 ../../../../LUFA/Drivers/USB/Core/AVR8/USBController_AVR8.o
 .debug_ranges  0x00000290       0x28 ../../../../LUFA/Drivers/USB/Core/AVR8/USBInterrupt_AVR8.o
 .debug_ranges  0x000002b8       0x70 ../../../../LUFA/Drivers/USB/Core/AVR8/PipeStream_AVR8.o
 .debug_ranges  0x00000328       0x38 ../../../../LUFA/Drivers/USB/Core/ConfigDescriptor.o
 .debug_ranges  0x00000360       0x18 ../../../../LUFA/Drivers/USB/Core/Events.o
 .debug_ranges  0x00000378       0x50 ../../../../LUFA/Drivers/USB/Core/HostStandardReq.o
 .debug_ranges  0x000003c8       0x18 ../../../../LUFA/Drivers/USB/Core/USBTask.o
 .debug_ranges  0x000003e0       0xa0 ../../../../LUFA/Drivers/USB/Class/Common/HIDParser.o
 .debug_ranges  0x00000480       0x58 ../../../../LUFA/Drivers/Peripheral/AVR8/Serial_AVR8.o

Cross Reference Table

Symbol                                            File
CALLBACK_HIDParser_FilterHIDReportItem            ../../../../LUFA/Drivers/USB/Class/Common/HIDParser.o
DComp_NextMSInterface                             ConfigDescriptor.o
DComp_NextMSInterfaceBulkDataEndpoint             ConfigDescriptor.o
EVENT_USB_Host_DeviceAttached                     MassStorageHost.o
                                                  ../../../../LUFA/Drivers/USB/Core/AVR8/USBInterrupt_AVR8.o
EVENT_USB_Host_DeviceEnumerationComplete          MassStorageHost.o
                                                  ../../../../LUFA/Drivers/USB/Core/AVR8/Host_AVR8.o
EVENT_USB_Host_DeviceEnumerationFailed            MassStorageHost.o
                                                  ../../../../LUFA/Drivers/USB/Core/AVR8/USBInterrupt_AVR8.o
                                                  ../../../../LUFA/Drivers/USB/Core/AVR8/Host_AVR8.o
EVENT_USB_Host_DeviceUnattached                   MassStorageHost.o
                                                  ../../../../LUFA/Drivers/USB/Core/AVR8/USBInterrupt_AVR8.o
                                                  ../../../../LUFA/Drivers/USB/Core/AVR8/Host_AVR8.o
EVENT_USB_Host_HostError                          MassStorageHost.o
                                                  ../../../../LUFA/Drivers/USB/Core/AVR8/USBInterrupt_AVR8.o
EVENT_USB_Host_StartOfFrame                       ../../../../LUFA/Drivers/USB/Core/Events.o
                                                  ../../../../LUFA/Drivers/USB/Core/AVR8/USBInterrupt_AVR8.o
MassStorageHost_Task                              MassStorageHost.o
MassStore_GetMaxLUN                               Lib/MassStoreCommands.o
                                                  MassStorageHost.o
MassStore_Inquiry                                 Lib/MassStoreCommands.o
                                                  MassStorageHost.o
MassStore_MassStorageReset                        Lib/MassStoreCommands.o
                                                  MassStorageHost.o
MassStore_MaxLUNIndex                             MassStorageHost.o
MassStore_PreventAllowMediumRemoval               Lib/MassStoreCommands.o
                                                  MassStorageHost.o
MassStore_ReadCapacity                            Lib/MassStoreCommands.o
                                                  MassStorageHost.o
MassStore_ReadDeviceBlock                         Lib/MassStoreCommands.o
                                                  MassStorageHost.o
MassStore_RequestSense                            Lib/MassStoreCommands.o
                                                  MassStorageHost.o
MassStore_TestUnitReady                           Lib/MassStoreCommands.o
                                                  MassStorageHost.o
MassStore_WriteDeviceBlock                        Lib/MassStoreCommands.o
Pipe_ClearPipes                                   ../../../../LUFA/Drivers/USB/Core/AVR8/Pipe_AVR8.o
                                                  ../../../../LUFA/Drivers/USB/Core/AVR8/Host_AVR8.o
Pipe_ConfigurePipe                                ../../../../LUFA/Drivers/USB/Core/AVR8/Pipe_AVR8.o
                                                  ../../../../LUFA/Drivers/USB/Core/AVR8/Host_AVR8.o
                                                  ConfigDescriptor.o
Pipe_Discard_Stream                               ../../../../LUFA/Drivers/USB/Core/AVR8/PipeStream_AVR8.o
Pipe_IsEndpointBound                              ../../../../LUFA/Drivers/USB/Core/AVR8/Pipe_AVR8.o
Pipe_Null_Stream                                  ../../../../LUFA/Drivers/USB/Core/AVR8/PipeStream_AVR8.o
Pipe_Read_EStream_BE                              ../../../../LUFA/Drivers/USB/Core/AVR8/PipeStream_AVR8.o
Pipe_Read_EStream_LE                              ../../../../LUFA/Drivers/USB/Core/AVR8/PipeStream_AVR8.o
Pipe_Read_Stream_BE                               ../../../../LUFA/Drivers/USB/Core/AVR8/PipeStream_AVR8.o
Pipe_Read_Stream_LE                               ../../../../LUFA/Drivers/USB/Core/AVR8/PipeStream_AVR8.o
                                                  Lib/MassStoreCommands.o
Pipe_WaitUntilReady                               ../../../../LUFA/Drivers/USB/Core/AVR8/Pipe_AVR8.o
                                                  ../../../../LUFA/Drivers/USB/Core/AVR8/PipeStream_AVR8.o
                                                  Lib/MassStoreCommands.o
Pipe_Write_EStream_BE                             ../../../../LUFA/Drivers/USB/Core/AVR8/PipeStream_AVR8.o
Pipe_Write_EStream_LE                             ../../../../LUFA/Drivers/USB/Core/AVR8/PipeStream_AVR8.o
Pipe_Write_PStream_BE                             ../../../../LUFA/Drivers/USB/Core/AVR8/PipeStream_AVR8.o
Pipe_Write_PStream_LE                             ../../../../LUFA/Drivers/USB/Core/AVR8/PipeStream_AVR8.o
Pipe_Write_Stream_BE                              ../../../../LUFA/Drivers/USB/Core/AVR8/PipeStream_AVR8.o
Pipe_Write_Stream_LE                              ../../../../LUFA/Drivers/USB/Core/AVR8/PipeStream_AVR8.o
                                                  Lib/MassStoreCommands.o
ProcessConfigurationDescriptor                    ConfigDescriptor.o
                                                  MassStorageHost.o
Serial_SendData                                   ../../../../LUFA/Drivers/Peripheral/AVR8/Serial_AVR8.o
Serial_SendString                                 ../../../../LUFA/Drivers/Peripheral/AVR8/Serial_AVR8.o
Serial_SendString_P                               ../../../../LUFA/Drivers/Peripheral/AVR8/Serial_AVR8.o
Serial_getchar                                    ../../../../LUFA/Drivers/Peripheral/AVR8/Serial_AVR8.o
                                                  MassStorageHost.o
Serial_getchar_Blocking                           ../../../../LUFA/Drivers/Peripheral/AVR8/Serial_AVR8.o
Serial_putchar                                    ../../../../LUFA/Drivers/Peripheral/AVR8/Serial_AVR8.o
                                                  MassStorageHost.o
SetupHardware                                     MassStorageHost.o
ShowDiskReadError                                 MassStorageHost.o
USARTSerialStream                                 ../../../../LUFA/Drivers/Peripheral/AVR8/Serial_AVR8.o
                                                  MassStorageHost.o
USB_ControlRequest                                ../../../../LUFA/Drivers/USB/Core/USBTask.o
                                                  ../../../../LUFA/Drivers/USB/Core/HostStandardReq.o
                                                  ../../../../LUFA/Drivers/USB/Core/ConfigDescriptor.o
                                                  ../../../../LUFA/Drivers/USB/Core/AVR8/Host_AVR8.o
                                                  Lib/MassStoreCommands.o
USB_Disable                                       ../../../../LUFA/Drivers/USB/Core/AVR8/USBController_AVR8.o
                                                  MassStorageHost.o
USB_Event_Stub                                    ../../../../LUFA/Drivers/USB/Core/Events.o
USB_GetHIDReportItemInfo                          ../../../../LUFA/Drivers/USB/Class/Common/HIDParser.o
USB_GetHIDReportSize                              ../../../../LUFA/Drivers/USB/Class/Common/HIDParser.o
USB_GetNextDescriptorComp                         ../../../../LUFA/Drivers/USB/Core/ConfigDescriptor.o
                                                  ConfigDescriptor.o
USB_GetNextDescriptorOfType                       ../../../../LUFA/Drivers/USB/Core/ConfigDescriptor.o
USB_GetNextDescriptorOfTypeAfter                  ../../../../LUFA/Drivers/USB/Core/ConfigDescriptor.o
USB_GetNextDescriptorOfTypeBefore                 ../../../../LUFA/Drivers/USB/Core/ConfigDescriptor.o
USB_HostState                                     ../../../../LUFA/Drivers/USB/Core/USBTask.o
                                                  ../../../../LUFA/Drivers/USB/Core/HostStandardReq.o
                                                  ../../../../LUFA/Drivers/USB/Core/AVR8/USBInterrupt_AVR8.o
                                                  ../../../../LUFA/Drivers/USB/Core/AVR8/USBController_AVR8.o
                                                  ../../../../LUFA/Drivers/USB/Core/AVR8/Pipe_AVR8.o
                                                  ../../../../LUFA/Drivers/USB/Core/AVR8/Host_AVR8.o
                                                  Lib/MassStoreCommands.o
                                                  MassStorageHost.o
USB_Host_ClearEndpointStall                       ../../../../LUFA/Drivers/USB/Core/HostStandardReq.o
                                                  Lib/MassStoreCommands.o
USB_Host_ConfigurationNumber                      ../../../../LUFA/Drivers/USB/Core/HostStandardReq.o
                                                  ../../../../LUFA/Drivers/USB/Core/AVR8/USBController_AVR8.o
                                                  ../../../../LUFA/Drivers/USB/Core/AVR8/Host_AVR8.o
USB_Host_ControlPipeSize                          ../../../../LUFA/Drivers/USB/Core/AVR8/Pipe_AVR8.o
                                                  ../../../../LUFA/Drivers/USB/Core/HostStandardReq.o
                                                  ../../../../LUFA/Drivers/USB/Core/AVR8/USBController_AVR8.o
                                                  ../../../../LUFA/Drivers/USB/Core/AVR8/Host_AVR8.o
USB_Host_GetDeviceConfigDescriptor                ../../../../LUFA/Drivers/USB/Core/ConfigDescriptor.o
                                                  ConfigDescriptor.o
USB_Host_GetDeviceDescriptor                      ../../../../LUFA/Drivers/USB/Core/HostStandardReq.o
USB_Host_GetDeviceStatus                          ../../../../LUFA/Drivers/USB/Core/HostStandardReq.o
USB_Host_GetDeviceStringDescriptor                ../../../../LUFA/Drivers/USB/Core/HostStandardReq.o
USB_Host_ProcessNextHostState                     ../../../../LUFA/Drivers/USB/Core/AVR8/Host_AVR8.o
                                                  ../../../../LUFA/Drivers/USB/Core/USBTask.o
USB_Host_SendControlRequest                       ../../../../LUFA/Drivers/USB/Core/HostStandardReq.o
                                                  ../../../../LUFA/Drivers/USB/Core/ConfigDescriptor.o
                                                  ../../../../LUFA/Drivers/USB/Core/AVR8/Host_AVR8.o
                                                  Lib/MassStoreCommands.o
USB_Host_SetDeviceConfiguration                   ../../../../LUFA/Drivers/USB/Core/HostStandardReq.o
                                                  MassStorageHost.o
USB_Host_SetInterfaceAltSetting                   ../../../../LUFA/Drivers/USB/Core/HostStandardReq.o
USB_Host_WaitMS                                   ../../../../LUFA/Drivers/USB/Core/AVR8/Host_AVR8.o
                                                  ../../../../LUFA/Drivers/USB/Core/HostStandardReq.o
USB_INT_ClearAllInterrupts                        ../../../../LUFA/Drivers/USB/Core/AVR8/USBInterrupt_AVR8.o
                                                  ../../../../LUFA/Drivers/USB/Core/AVR8/USBController_AVR8.o
USB_INT_DisableAllInterrupts                      ../../../../LUFA/Drivers/USB/Core/AVR8/USBInterrupt_AVR8.o
                                                  ../../../../LUFA/Drivers/USB/Core/AVR8/USBController_AVR8.o
USB_Init                                          ../../../../LUFA/Drivers/USB/Core/AVR8/USBController_AVR8.o
                                                  MassStorageHost.o
USB_IsInitialized                                 ../../../../LUFA/Drivers/USB/Core/USBTask.o
                                                  ../../../../LUFA/Drivers/USB/Core/AVR8/USBController_AVR8.o
USB_ProcessHIDReport                              ../../../../LUFA/Drivers/USB/Class/Common/HIDParser.o
USB_ResetInterface                                ../../../../LUFA/Drivers/USB/Core/AVR8/USBController_AVR8.o
                                                  ../../../../LUFA/Drivers/USB/Core/AVR8/USBInterrupt_AVR8.o
                                                  ../../../../LUFA/Drivers/USB/Core/AVR8/Host_AVR8.o
USB_SetHIDReportItemInfo                          ../../../../LUFA/Drivers/USB/Class/Common/HIDParser.o
USB_USBTask                                       ../../../../LUFA/Drivers/USB/Core/USBTask.o
                                                  ../../../../LUFA/Drivers/USB/Core/AVR8/PipeStream_AVR8.o
                                                  MassStorageHost.o
__bad_interrupt                                   c:/winavr-20100110/bin/../lib/gcc/avr/4.3.3/../../../../avr/lib/avr51/crtusb1287.o
__bss_end                                         c:/winavr-20100110/bin/../lib/gcc/avr/4.3.3/avr51\libgcc.a(_clear_bss.o)
__bss_start                                       c:/winavr-20100110/bin/../lib/gcc/avr/4.3.3/avr51\libgcc.a(_clear_bss.o)
__ctype_isfalse                                   c:/winavr-20100110/bin/../lib/gcc/avr/4.3.3/../../../../avr/lib/avr51\libc.a(cty_isfalse.o)
                                                  c:/winavr-20100110/bin/../lib/gcc/avr/4.3.3/../../../../avr/lib/avr51\libc.a(isprint.o)
__ctype_istrue                                    c:/winavr-20100110/bin/../lib/gcc/avr/4.3.3/../../../../avr/lib/avr51\libc.a(cty_isfalse.o)
__data_end                                        c:/winavr-20100110/bin/../lib/gcc/avr/4.3.3/../../../../avr/lib/avr51/crtusb1287.o
__data_load_start                                 c:/winavr-20100110/bin/../lib/gcc/avr/4.3.3/../../../../avr/lib/avr51/crtusb1287.o
__data_start                                      c:/winavr-20100110/bin/../lib/gcc/avr/4.3.3/../../../../avr/lib/avr51/crtusb1287.o
__do_clear_bss                                    c:/winavr-20100110/bin/../lib/gcc/avr/4.3.3/avr51\libgcc.a(_clear_bss.o)
                                                  c:/winavr-20100110/bin/../lib/gcc/avr/4.3.3/../../../../avr/lib/avr51\libc.a(iob.o)
                                                  ../../../../LUFA/Drivers/Peripheral/AVR8/Serial_AVR8.o
                                                  ../../../../LUFA/Drivers/USB/Core/USBTask.o
                                                  ../../../../LUFA/Drivers/USB/Core/HostStandardReq.o
                                                  ../../../../LUFA/Drivers/USB/Core/AVR8/Host_AVR8.o
                                                  MassStorageHost.o
__do_copy_data                                    c:/winavr-20100110/bin/../lib/gcc/avr/4.3.3/../../../../avr/lib/avr51/crtusb1287.o
                                                  ../../../../LUFA/Drivers/USB/Core/HostStandardReq.o
                                                  ../../../../LUFA/Drivers/USB/Core/AVR8/Pipe_AVR8.o
                                                  ../../../../LUFA/Drivers/USB/Core/AVR8/Host_AVR8.o
                                                  Lib/MassStoreCommands.o
__eerd_byte_usb1287                               c:/winavr-20100110/bin/../lib/gcc/avr/4.3.3/../../../../avr/lib/avr51\libc.a(eerd_byte_at90usb1287.o)
                                                  ../../../../LUFA/Drivers/USB/Core/AVR8/PipeStream_AVR8.o
__eeupd_byte_usb1287                              c:/winavr-20100110/bin/../lib/gcc/avr/4.3.3/../../../../avr/lib/avr51\libc.a(eeupd_byte_at90usb1287.o)
                                                  ../../../../LUFA/Drivers/USB/Core/AVR8/PipeStream_AVR8.o
__eeupd_r18_usb1287                               c:/winavr-20100110/bin/../lib/gcc/avr/4.3.3/../../../../avr/lib/avr51\libc.a(eeupd_byte_at90usb1287.o)
__heap_end                                        c:/winavr-20100110/bin/../lib/gcc/avr/4.3.3/../../../../avr/lib/avr51/crtusb1287.o
__init                                            c:/winavr-20100110/bin/../lib/gcc/avr/4.3.3/../../../../avr/lib/avr51/crtusb1287.o
__iob                                             c:/winavr-20100110/bin/../lib/gcc/avr/4.3.3/../../../../avr/lib/avr51\libc.a(puts_p.o)
                                                  c:/winavr-20100110/bin/../lib/gcc/avr/4.3.3/../../../../avr/lib/avr51\libc.a(printf_p.o)
                                                  c:/winavr-20100110/bin/../lib/gcc/avr/4.3.3/../../../../avr/lib/avr51\libc.a(iob.o)
                                                  MassStorageHost.o
__mulsi3                                          c:/winavr-20100110/bin/../lib/gcc/avr/4.3.3/avr51\libgcc.a(_mulsi3.o)
                                                  Lib/MassStoreCommands.o
__stack                                           c:/winavr-20100110/bin/../lib/gcc/avr/4.3.3/../../../../avr/lib/avr51/crtusb1287.o
__ultoa_invert                                    c:/winavr-20100110/bin/../lib/gcc/avr/4.3.3/../../../../avr/lib/avr51\libc.a(ultoa_invert.o)
                                                  c:/winavr-20100110/bin/../lib/gcc/avr/4.3.3/../../../../avr/lib/avr51\libc.a(vfprintf_std.o)
__vector_1                                        c:/winavr-20100110/bin/../lib/gcc/avr/4.3.3/../../../../avr/lib/avr51/crtusb1287.o
__vector_10                                       ../../../../LUFA/Drivers/USB/Core/AVR8/USBInterrupt_AVR8.o
                                                  c:/winavr-20100110/bin/../lib/gcc/avr/4.3.3/../../../../avr/lib/avr51/crtusb1287.o
__vector_11                                       c:/winavr-20100110/bin/../lib/gcc/avr/4.3.3/../../../../avr/lib/avr51/crtusb1287.o
__vector_12                                       c:/winavr-20100110/bin/../lib/gcc/avr/4.3.3/../../../../avr/lib/avr51/crtusb1287.o
__vector_13                                       c:/winavr-20100110/bin/../lib/gcc/avr/4.3.3/../../../../avr/lib/avr51/crtusb1287.o
__vector_14                                       c:/winavr-20100110/bin/../lib/gcc/avr/4.3.3/../../../../avr/lib/avr51/crtusb1287.o
__vector_15                                       c:/winavr-20100110/bin/../lib/gcc/avr/4.3.3/../../../../avr/lib/avr51/crtusb1287.o
__vector_16                                       c:/winavr-20100110/bin/../lib/gcc/avr/4.3.3/../../../../avr/lib/avr51/crtusb1287.o
__vector_17                                       c:/winavr-20100110/bin/../lib/gcc/avr/4.3.3/../../../../avr/lib/avr51/crtusb1287.o
__vector_18                                       c:/winavr-20100110/bin/../lib/gcc/avr/4.3.3/../../../../avr/lib/avr51/crtusb1287.o
__vector_19                                       c:/winavr-20100110/bin/../lib/gcc/avr/4.3.3/../../../../avr/lib/avr51/crtusb1287.o
__vector_2                                        c:/winavr-20100110/bin/../lib/gcc/avr/4.3.3/../../../../avr/lib/avr51/crtusb1287.o
__vector_20                                       c:/winavr-20100110/bin/../lib/gcc/avr/4.3.3/../../../../avr/lib/avr51/crtusb1287.o
__vector_21                                       c:/winavr-20100110/bin/../lib/gcc/avr/4.3.3/../../../../avr/lib/avr51/crtusb1287.o
__vector_22                                       c:/winavr-20100110/bin/../lib/gcc/avr/4.3.3/../../../../avr/lib/avr51/crtusb1287.o
__vector_23                                       c:/winavr-20100110/bin/../lib/gcc/avr/4.3.3/../../../../avr/lib/avr51/crtusb1287.o
__vector_24                                       c:/winavr-20100110/bin/../lib/gcc/avr/4.3.3/../../../../avr/lib/avr51/crtusb1287.o
__vector_25                                       c:/winavr-20100110/bin/../lib/gcc/avr/4.3.3/../../../../avr/lib/avr51/crtusb1287.o
__vector_26                                       c:/winavr-20100110/bin/../lib/gcc/avr/4.3.3/../../../../avr/lib/avr51/crtusb1287.o
__vector_27                                       c:/winavr-20100110/bin/../lib/gcc/avr/4.3.3/../../../../avr/lib/avr51/crtusb1287.o
__vector_28                                       c:/winavr-20100110/bin/../lib/gcc/avr/4.3.3/../../../../avr/lib/avr51/crtusb1287.o
__vector_29                                       c:/winavr-20100110/bin/../lib/gcc/avr/4.3.3/../../../../avr/lib/avr51/crtusb1287.o
__vector_3                                        c:/winavr-20100110/bin/../lib/gcc/avr/4.3.3/../../../../avr/lib/avr51/crtusb1287.o
__vector_30                                       c:/winavr-20100110/bin/../lib/gcc/avr/4.3.3/../../../../avr/lib/avr51/crtusb1287.o
__vector_31                                       c:/winavr-20100110/bin/../lib/gcc/avr/4.3.3/../../../../avr/lib/avr51/crtusb1287.o
__vector_32                                       c:/winavr-20100110/bin/../lib/gcc/avr/4.3.3/../../../../avr/lib/avr51/crtusb1287.o
__vector_33                                       c:/winavr-20100110/bin/../lib/gcc/avr/4.3.3/../../../../avr/lib/avr51/crtusb1287.o
__vector_34                                       c:/winavr-20100110/bin/../lib/gcc/avr/4.3.3/../../../../avr/lib/avr51/crtusb1287.o
__vector_35                                       c:/winavr-20100110/bin/../lib/gcc/avr/4.3.3/../../../../avr/lib/avr51/crtusb1287.o
__vector_36                                       c:/winavr-20100110/bin/../lib/gcc/avr/4.3.3/../../../../avr/lib/avr51/crtusb1287.o
__vector_37                                       c:/winavr-20100110/bin/../lib/gcc/avr/4.3.3/../../../../avr/lib/avr51/crtusb1287.o
__vector_4                                        c:/winavr-20100110/bin/../lib/gcc/avr/4.3.3/../../../../avr/lib/avr51/crtusb1287.o
__vector_5                                        c:/winavr-20100110/bin/../lib/gcc/avr/4.3.3/../../../../avr/lib/avr51/crtusb1287.o
__vector_6                                        c:/winavr-20100110/bin/../lib/gcc/avr/4.3.3/../../../../avr/lib/avr51/crtusb1287.o
__vector_7                                        c:/winavr-20100110/bin/../lib/gcc/avr/4.3.3/../../../../avr/lib/avr51/crtusb1287.o
__vector_8                                        c:/winavr-20100110/bin/../lib/gcc/avr/4.3.3/../../../../avr/lib/avr51/crtusb1287.o
__vector_9                                        c:/winavr-20100110/bin/../lib/gcc/avr/4.3.3/../../../../avr/lib/avr51/crtusb1287.o
__vector_default                                  c:/winavr-20100110/bin/../lib/gcc/avr/4.3.3/../../../../avr/lib/avr51/crtusb1287.o
__vectors                                         c:/winavr-20100110/bin/../lib/gcc/avr/4.3.3/../../../../avr/lib/avr51/crtusb1287.o
_exit                                             c:/winavr-20100110/bin/../lib/gcc/avr/4.3.3/avr51\libgcc.a(_exit.o)
exit                                              c:/winavr-20100110/bin/../lib/gcc/avr/4.3.3/avr51\libgcc.a(_exit.o)
                                                  c:/winavr-20100110/bin/../lib/gcc/avr/4.3.3/../../../../avr/lib/avr51/crtusb1287.o
fputc                                             c:/winavr-20100110/bin/../lib/gcc/avr/4.3.3/../../../../avr/lib/avr51\libc.a(fputc.o)
                                                  c:/winavr-20100110/bin/../lib/gcc/avr/4.3.3/../../../../avr/lib/avr51\libc.a(vfprintf_std.o)
                                                  MassStorageHost.o
isgraph                                           c:/winavr-20100110/bin/../lib/gcc/avr/4.3.3/../../../../avr/lib/avr51\libc.a(isprint.o)
isprint                                           c:/winavr-20100110/bin/../lib/gcc/avr/4.3.3/../../../../avr/lib/avr51\libc.a(isprint.o)
                                                  MassStorageHost.o
main                                              MassStorageHost.o
                                                  c:/winavr-20100110/bin/../lib/gcc/avr/4.3.3/../../../../avr/lib/avr51/crtusb1287.o
printf_P                                          c:/winavr-20100110/bin/../lib/gcc/avr/4.3.3/../../../../avr/lib/avr51\libc.a(printf_p.o)
                                                  MassStorageHost.o
puts_P                                            c:/winavr-20100110/bin/../lib/gcc/avr/4.3.3/../../../../avr/lib/avr51\libc.a(puts_p.o)
                                                  MassStorageHost.o
strnlen                                           c:/winavr-20100110/bin/../lib/gcc/avr/4.3.3/../../../../avr/lib/avr51\libc.a(strnlen.o)
                                                  c:/winavr-20100110/bin/../lib/gcc/avr/4.3.3/../../../../avr/lib/avr51\libc.a(vfprintf_std.o)
strnlen_P                                         c:/winavr-20100110/bin/../lib/gcc/avr/4.3.3/../../../../avr/lib/avr51\libc.a(strnlen_P.o)
                                                  c:/winavr-20100110/bin/../lib/gcc/avr/4.3.3/../../../../avr/lib/avr51\libc.a(vfprintf_std.o)
vfprintf                                          c:/winavr-20100110/bin/../lib/gcc/avr/4.3.3/../../../../avr/lib/avr51\libc.a(vfprintf_std.o)
                                                  c:/winavr-20100110/bin/../lib/gcc/avr/4.3.3/../../../../avr/lib/avr51\libc.a(printf_p.o)
