Archive member included because of file (symbol)

c:/winavr-20100110/bin/../lib/gcc/avr/4.3.3/avr51\libgcc.a(_mulsi3.o)
                              ../../../../LUFA/Drivers/USB/Class/Host/MassStorage.o (__mulsi3)
c:/winavr-20100110/bin/../lib/gcc/avr/4.3.3/avr51\libgcc.a(_exit.o)
                              c:/winavr-20100110/bin/../lib/gcc/avr/4.3.3/../../../../avr/lib/avr51/crtusb1287.o (exit)
c:/winavr-20100110/bin/../lib/gcc/avr/4.3.3/avr51\libgcc.a(_clear_bss.o)
                              ../../../../LUFA/Drivers/USB/Core/AVR8/Host_AVR8.o (__do_clear_bss)
c:/winavr-20100110/bin/../lib/gcc/avr/4.3.3/../../../../avr/lib/avr51\libc.a(isprint.o)
                              MassStorageHost.o (isprint)
c:/winavr-20100110/bin/../lib/gcc/avr/4.3.3/../../../../avr/lib/avr51\libc.a(memcpy.o)
                              ../../../../LUFA/Drivers/USB/Class/Host/RNDIS.o (memcpy)
c:/winavr-20100110/bin/../lib/gcc/avr/4.3.3/../../../../avr/lib/avr51\libc.a(memmove.o)
                              ../../../../LUFA/Drivers/USB/Class/Host/Printer.o (memmove)
c:/winavr-20100110/bin/../lib/gcc/avr/4.3.3/../../../../avr/lib/avr51\libc.a(fputc.o)
                              MassStorageHost.o (fputc)
c:/winavr-20100110/bin/../lib/gcc/avr/4.3.3/../../../../avr/lib/avr51\libc.a(iob.o)
                              MassStorageHost.o (__iob)
c:/winavr-20100110/bin/../lib/gcc/avr/4.3.3/../../../../avr/lib/avr51\libc.a(printf_p.o)
                              MassStorageHost.o (printf_P)
c:/winavr-20100110/bin/../lib/gcc/avr/4.3.3/../../../../avr/lib/avr51\libc.a(puts_p.o)
                              MassStorageHost.o (puts_P)
c:/winavr-20100110/bin/../lib/gcc/avr/4.3.3/../../../../avr/lib/avr51\libc.a(vfprintf_std.o)
                              c:/winavr-20100110/bin/../lib/gcc/avr/4.3.3/../../../../avr/lib/avr51\libc.a(printf_p.o) (vfprintf)
c:/winavr-20100110/bin/../lib/gcc/avr/4.3.3/../../../../avr/lib/avr51\libc.a(eerd_byte_at90usb1287.o)
                              ../../../../LUFA/Drivers/USB/Core/AVR8/PipeStream_AVR8.o (__eerd_byte_usb1287)
c:/winavr-20100110/bin/../lib/gcc/avr/4.3.3/../../../../avr/lib/avr51\libc.a(eeupd_byte_at90usb1287.o)
                              ../../../../LUFA/Drivers/USB/Core/AVR8/PipeStream_AVR8.o (__eeupd_byte_usb1287)
c:/winavr-20100110/bin/../lib/gcc/avr/4.3.3/../../../../avr/lib/avr51\libc.a(cty_isfalse.o)
                              c:/winavr-20100110/bin/../lib/gcc/avr/4.3.3/../../../../avr/lib/avr51\libc.a(isprint.o) (__ctype_isfalse)
c:/winavr-20100110/bin/../lib/gcc/avr/4.3.3/../../../../avr/lib/avr51\libc.a(strnlen_P.o)
                              c:/winavr-20100110/bin/../lib/gcc/avr/4.3.3/../../../../avr/lib/avr51\libc.a(vfprintf_std.o) (strnlen_P)
c:/winavr-20100110/bin/../lib/gcc/avr/4.3.3/../../../../avr/lib/avr51\libc.a(strnlen.o)
                              c:/winavr-20100110/bin/../lib/gcc/avr/4.3.3/../../../../avr/lib/avr51\libc.a(vfprintf_std.o) (strnlen)
c:/winavr-20100110/bin/../lib/gcc/avr/4.3.3/../../../../avr/lib/avr51\libc.a(ultoa_invert.o)
                              c:/winavr-20100110/bin/../lib/gcc/avr/4.3.3/../../../../avr/lib/avr51\libc.a(vfprintf_std.o) (__ultoa_invert)

Allocating common symbols
Common symbol       size              file

USB_IsInitialized   0x1               ../../../../LUFA/Drivers/USB/Core/USBTask.o
USB_Host_ConfigurationNumber
                    0x1               ../../../../LUFA/Drivers/USB/Core/HostStandardReq.o
USARTSerialStream   0xe               ../../../../LUFA/Drivers/Peripheral/AVR8/Serial_AVR8.o
USB_ControlRequest  0x8               ../../../../LUFA/Drivers/USB/Core/USBTask.o
USB_HostState       0x1               ../../../../LUFA/Drivers/USB/Core/USBTask.o
__iob               0x6               c:/winavr-20100110/bin/../lib/gcc/avr/4.3.3/../../../../avr/lib/avr51\libc.a(iob.o)

Discarded input sections

 .data          0x00000000        0x0 c:/winavr-20100110/bin/../lib/gcc/avr/4.3.3/../../../../avr/lib/avr51/crtusb1287.o
 .bss           0x00000000        0x0 c:/winavr-20100110/bin/../lib/gcc/avr/4.3.3/../../../../avr/lib/avr51/crtusb1287.o
 .text          0x00000000        0x0 MassStorageHost.o
 .bss           0x00000000        0x0 MassStorageHost.o
 .text          0x00000000        0x0 ../../../../LUFA/Drivers/USB/Core/AVR8/Device_AVR8.o
 .data          0x00000000        0x0 ../../../../LUFA/Drivers/USB/Core/AVR8/Device_AVR8.o
 .bss           0x00000000        0x0 ../../../../LUFA/Drivers/USB/Core/AVR8/Device_AVR8.o
 .text          0x00000000        0x0 ../../../../LUFA/Drivers/USB/Core/AVR8/Endpoint_AVR8.o
 .data          0x00000000        0x0 ../../../../LUFA/Drivers/USB/Core/AVR8/Endpoint_AVR8.o
 .bss           0x00000000        0x0 ../../../../LUFA/Drivers/USB/Core/AVR8/Endpoint_AVR8.o
 .text          0x00000000        0x0 ../../../../LUFA/Drivers/USB/Core/AVR8/Host_AVR8.o
[...]
Memory Configuration

Name             Origin             Length             Attributes
text             0x00000000         0x00020000         xr
data             0x00800060         0x0000ffa0         rw !x
eeprom           0x00810000         0x00010000         rw !x
fuse             0x00820000         0x00000400         rw !x
lock             0x00830000         0x00000400         rw !x
signature        0x00840000         0x00000400         rw !x
*default*        0x00000000         0xffffffff

Linker script and memory map

Address of section .data set to 0x800100
LOAD c:/winavr-20100110/bin/../lib/gcc/avr/4.3.3/../../../../avr/lib/avr51/crtusb1287.o
LOAD MassStorageHost.o
LOAD ../../../../LUFA/Drivers/USB/Core/AVR8/Device_AVR8.o
LOAD ../../../../LUFA/Drivers/USB/Core/AVR8/Endpoint_AVR8.o
LOAD ../../../../LUFA/Drivers/USB/Core/AVR8/Host_AVR8.o
LOAD ../../../../LUFA/Drivers/USB/Core/AVR8/Pipe_AVR8.o
LOAD ../../../../LUFA/Drivers/USB/Core/AVR8/USBController_AVR8.o
LOAD ../../../../LUFA/Drivers/USB/Core/AVR8/USBInterrupt_AVR8.o
LOAD ../../../../LUFA/Drivers/USB/Core/AVR8/EndpointStream_AVR8.o
LOAD ../../../../LUFA/Drivers/USB/Core/AVR8/PipeStream_AVR8.o
LOAD ../../../../LUFA/Drivers/USB/Core/ConfigDescriptor.o
LOAD ../../../../LUFA/Drivers/USB/Core/DeviceStandardReq.o
LOAD ../../../../LUFA/Drivers/USB/Core/Events.o
LOAD ../../../../LUFA/Drivers/USB/Core/HostStandardReq.o
LOAD ../../../../LUFA/Drivers/USB/Core/USBTask.o
LOAD ../../../../LUFA/Drivers/USB/Class/Common/HIDParser.o
LOAD ../../../../LUFA/Drivers/USB/Class/Device/Audio.o
LOAD ../../../../LUFA/Drivers/USB/Class/Device/CDC.o
LOAD ../../../../LUFA/Drivers/USB/Class/Device/HID.o
LOAD ../../../../LUFA/Drivers/USB/Class/Device/MassStorage.o
LOAD ../../../../LUFA/Drivers/USB/Class/Device/MIDI.o
LOAD ../../../../LUFA/Drivers/USB/Class/Device/RNDIS.o
LOAD ../../../../LUFA/Drivers/USB/Class/Host/Audio.o
LOAD ../../../../LUFA/Drivers/USB/Class/Host/CDC.o
LOAD ../../../../LUFA/Drivers/USB/Class/Host/HID.o
LOAD ../../../../LUFA/Drivers/USB/Class/Host/MassStorage.o
LOAD ../../../../LUFA/Drivers/USB/Class/Host/MIDI.o
LOAD ../../../../LUFA/Drivers/USB/Class/Host/Printer.o
LOAD ../../../../LUFA/Drivers/USB/Class/Host/RNDIS.o
LOAD ../../../../LUFA/Drivers/USB/Class/Host/StillImage.o
LOAD ../../../../LUFA/Drivers/Peripheral/AVR8/Serial_AVR8.o
LOAD c:/winavr-20100110/bin/../lib/gcc/avr/4.3.3/../../../../avr/lib/avr51\libm.a
LOAD c:/winavr-20100110/bin/../lib/gcc/avr/4.3.3/avr51\libgcc.a
LOAD c:/winavr-20100110/bin/../lib/gcc/avr/4.3.3/../../../../avr/lib/avr51\libc.a
LOAD c:/winavr-20100110/bin/../lib/gcc/avr/4.3.3/avr51\libgcc.a

.hash
 *(.hash)

.dynsym
 *(.dynsym)

.dynstr
 *(.dynstr)

.gnu.version
 *(.gnu.version)

.gnu.version_d
 *(.gnu.version_d)

.gnu.version_r
 *(.gnu.version_r)

.rel.init
 *(.rel.init)

.rela.init
 *(.rela.init)

.rel.text
 *(.rel.text)
 *(.rel.text.*)
 *(.rel.gnu.linkonce.t*)

.rela.text
 *(.rela.text)
 *(.rela.text.*)
 *(.rela.gnu.linkonce.t*)

.rel.fini
 *(.rel.fini)

.rela.fini
 *(.rela.fini)

.rel.rodata
 *(.rel.rodata)
 *(.rel.rodata.*)
 *(.rel.gnu.linkonce.r*)

.rela.rodata
 *(.rela.rodata)
 *(.rela.rodata.*)
 *(.rela.gnu.linkonce.r*)

.rel.data
 *(.rel.data)
 *(.rel.data.*)
 *(.rel.gnu.linkonce.d*)

.rela.data
 *(.rela.data)
 *(.rela.data.*)
 *(.rela.gnu.linkonce.d*)

.rel.ctors
 *(.rel.ctors)

.rela.ctors
 *(.rela.ctors)

.rel.dtors
 *(.rel.dtors)

.rela.dtors
 *(.rela.dtors)

.rel.got
 *(.rel.got)

.rela.got
 *(.rela.got)

.rel.bss
 *(.rel.bss)

.rela.bss
 *(.rela.bss)

.rel.plt
 *(.rel.plt)

.rela.plt
 *(.rela.plt)

.text           0x00000000     0x2688
 *(.vectors)
 .vectors       0x00000000       0x98 c:/winavr-20100110/bin/../lib/gcc/avr/4.3.3/../../../../avr/lib/avr51/crtusb1287.o
                0x00000000                __vectors
                0x00000000                __vector_default
 *(.vectors)
 *(.progmem.gcc*)
 *(.progmem*)
 .progmem.data  0x00000098      0x375 MassStorageHost.o
                0x0000040e                . = ALIGN (0x2)
 *fill*         0x0000040d        0x1 00
                0x0000040e                __trampolines_start = .
 *(.trampolines)
 .trampolines   0x0000040e        0x0 linker stubs
 *(.trampolines*)
                0x0000040e                __trampolines_end = .
 *(.jumptables)
 *(.jumptables*)
 *(.lowtext)
 *(.lowtext*)
                0x0000040e                __ctors_start = .
 *(.ctors)
                0x0000040e                __ctors_end = .
                0x0000040e                __dtors_start = .
 *(.dtors)
                0x0000040e                __dtors_end = .
 SORT(*)(.ctors)
 SORT(*)(.dtors)
 *(.init0)
 .init0         0x0000040e        0x0 c:/winavr-20100110/bin/../lib/gcc/avr/4.3.3/../../../../avr/lib/avr51/crtusb1287.o
                0x0000040e                __init
 *(.init0)
 *(.init1)
 *(.init1)
 *(.init2)
 .init2         0x0000040e        0xc c:/winavr-20100110/bin/../lib/gcc/avr/4.3.3/../../../../avr/lib/avr51/crtusb1287.o
 *(.init2)
 *(.init3)
 *(.init3)
 *(.init4)
 .init4         0x0000041a       0x1a c:/winavr-20100110/bin/../lib/gcc/avr/4.3.3/../../../../avr/lib/avr51/crtusb1287.o
                0x0000041a                __do_copy_data
 .init4         0x00000434       0x10 c:/winavr-20100110/bin/../lib/gcc/avr/4.3.3/avr51\libgcc.a(_clear_bss.o)
                0x00000434                __do_clear_bss
 *(.init4)
 *(.init5)
 *(.init5)
 *(.init6)
 *(.init6)
 *(.init7)
 *(.init7)
 *(.init8)
 *(.init8)
 *(.init9)
 .init9         0x00000444        0x6 c:/winavr-20100110/bin/../lib/gcc/avr/4.3.3/../../../../avr/lib/avr51/crtusb1287.o
 *(.init9)
 *(.text)
 .text          0x0000044a        0x2 c:/winavr-20100110/bin/../lib/gcc/avr/4.3.3/../../../../avr/lib/avr51/crtusb1287.o
                0x0000044a                __vector_22
                0x0000044a                __vector_28
                0x0000044a                __vector_1
                0x0000044a                __vector_32
                0x0000044a                __vector_34
                0x0000044a                __vector_24
                0x0000044a                __vector_12
                0x0000044a                __bad_interrupt
                0x0000044a                __vector_6
                0x0000044a                __vector_31
                0x0000044a                __vector_35
                0x0000044a                __vector_3
                0x0000044a                __vector_23
                0x0000044a                __vector_30
                0x0000044a                __vector_25
                0x0000044a                __vector_11
                0x0000044a                __vector_13
                0x0000044a                __vector_17
                0x0000044a                __vector_19
                0x0000044a                __vector_7
                0x0000044a                __vector_27
                0x0000044a                __vector_5
                0x0000044a                __vector_33
                0x0000044a                __vector_37
                0x0000044a                __vector_4
                0x0000044a                __vector_9
                0x0000044a                __vector_2
                0x0000044a                __vector_21
                0x0000044a                __vector_15
                0x0000044a                __vector_36
                0x0000044a                __vector_29
                0x0000044a                __vector_8
                0x0000044a                __vector_26
                0x0000044a                __vector_14
                0x0000044a                __vector_16
                0x0000044a                __vector_18
                0x0000044a                __vector_20
                0x0000044c                . = ALIGN (0x2)
 *(.text.*)
 .text.EVENT_USB_Host_DeviceEnumerationFailed
                0x0000044c       0x58 MassStorageHost.o
                0x0000044c                EVENT_USB_Host_DeviceEnumerationFailed
 .text.EVENT_USB_Host_HostError
                0x000004a4       0x3a MassStorageHost.o
                0x000004a4                EVENT_USB_Host_HostError
 .text.EVENT_USB_Host_DeviceUnattached
                0x000004de       0x12 MassStorageHost.o
                0x000004de                EVENT_USB_Host_DeviceUnattached
 .text.EVENT_USB_Host_DeviceAttached
                0x000004f0       0x12 MassStorageHost.o
                0x000004f0                EVENT_USB_Host_DeviceAttached
 .text.EVENT_USB_Host_DeviceEnumerationComplete
                0x00000502      0x190 MassStorageHost.o
                0x00000502                EVENT_USB_Host_DeviceEnumerationComplete
 .text.MassStorageHost_Task
                0x00000692      0x2ae MassStorageHost.o
                0x00000692                MassStorageHost_Task
 .text.SetupHardware
                0x00000940       0x94 MassStorageHost.o
                0x00000940                SetupHardware
 .text.main     0x000009d4       0x1a MassStorageHost.o
                0x000009d4                main
 .text.USB_Host_WaitMS
                0x000009ee       0x9e ../../../../LUFA/Drivers/USB/Core/AVR8/Host_AVR8.o
                0x000009ee                USB_Host_WaitMS
 .text.USB_Host_ResetDevice
                0x00000a8c       0x9c ../../../../LUFA/Drivers/USB/Core/AVR8/Host_AVR8.o
 .text.USB_Host_ProcessNextHostState
                0x00000b28      0x256 ../../../../LUFA/Drivers/USB/Core/AVR8/Host_AVR8.o
                0x00000b28                USB_Host_ProcessNextHostState
 .text.Pipe_ConfigurePipe
                0x00000d7e       0xbc ../../../../LUFA/Drivers/USB/Core/AVR8/Pipe_AVR8.o
                0x00000d7e                Pipe_ConfigurePipe
 .text.Pipe_ClearPipes
                0x00000e3a       0x28 ../../../../LUFA/Drivers/USB/Core/AVR8/Pipe_AVR8.o
                0x00000e3a                Pipe_ClearPipes
 .text.Pipe_IsEndpointBound
                0x00000e62       0x44 ../../../../LUFA/Drivers/USB/Core/AVR8/Pipe_AVR8.o
                0x00000e62                Pipe_IsEndpointBound
 .text.Pipe_WaitUntilReady
                0x00000ea6       0x64 ../../../../LUFA/Drivers/USB/Core/AVR8/Pipe_AVR8.o
                0x00000ea6                Pipe_WaitUntilReady
 .text.USB_ResetInterface
                0x00000f0a       0xa0 ../../../../LUFA/Drivers/USB/Core/AVR8/USBController_AVR8.o
                0x00000f0a                USB_ResetInterface
 .text.USB_Init
                0x00000faa       0x12 ../../../../LUFA/Drivers/USB/Core/AVR8/USBController_AVR8.o
                0x00000faa                USB_Init
 .text.USB_Disable
                0x00000fbc       0x30 ../../../../LUFA/Drivers/USB/Core/AVR8/USBController_AVR8.o
                0x00000fbc                USB_Disable
 .text.USB_INT_DisableAllInterrupts
                0x00000fec       0x10 ../../../../LUFA/Drivers/USB/Core/AVR8/USBInterrupt_AVR8.o
                0x00000fec                USB_INT_DisableAllInterrupts
 .text.USB_INT_ClearAllInterrupts
                0x00000ffc        0xa ../../../../LUFA/Drivers/USB/Core/AVR8/USBInterrupt_AVR8.o
                0x00000ffc                USB_INT_ClearAllInterrupts
 .text.__vector_10
                0x00001006      0x126 ../../../../LUFA/Drivers/USB/Core/AVR8/USBInterrupt_AVR8.o
                0x00001006                __vector_10
 .text.Pipe_Read_Stream_LE
                0x0000112c       0xae ../../../../LUFA/Drivers/USB/Core/AVR8/PipeStream_AVR8.o
                0x0000112c                Pipe_Read_Stream_LE
 .text.Pipe_Write_Stream_LE
                0x000011da       0xae ../../../../LUFA/Drivers/USB/Core/AVR8/PipeStream_AVR8.o
                0x000011da                Pipe_Write_Stream_LE
 .text.USB_GetNextDescriptorComp
                0x00001288       0x88 ../../../../LUFA/Drivers/USB/Core/ConfigDescriptor.o
                0x00001288                USB_GetNextDescriptorComp
 .text.USB_Host_GetDeviceConfigDescriptor
                0x00001310       0xb4 ../../../../LUFA/Drivers/USB/Core/ConfigDescriptor.o
                0x00001310                USB_Host_GetDeviceConfigDescriptor
 .text.USB_Event_Stub
                0x000013c4        0x2 ../../../../LUFA/Drivers/USB/Core/Events.o
                0x000013c4                USB_Event_Stub
                0x000013c4                EVENT_USB_Host_StartOfFrame
 .text.USB_Host_WaitForIOS
                0x000013c6       0x52 ../../../../LUFA/Drivers/USB/Core/HostStandardReq.o
 .text.USB_Host_SendControlRequest
                0x00001418      0x20e ../../../../LUFA/Drivers/USB/Core/HostStandardReq.o
                0x00001418                USB_Host_SendControlRequest
 .text.USB_Host_ClearEndpointStall
                0x00001626       0x2e ../../../../LUFA/Drivers/USB/Core/HostStandardReq.o
                0x00001626                USB_Host_ClearEndpointStall
 .text.USB_Host_SetDeviceConfiguration
                0x00001654       0x4a ../../../../LUFA/Drivers/USB/Core/HostStandardReq.o
                0x00001654                USB_Host_SetDeviceConfiguration
 .text.USB_USBTask
                0x0000169e       0x24 ../../../../LUFA/Drivers/USB/Core/USBTask.o
                0x0000169e                USB_USBTask
 .text.DCOMP_MS_Host_NextMSInterface
                0x000016c2       0x22 ../../../../LUFA/Drivers/USB/Class/Host/MassStorage.o
 .text.MS_Host_WaitForDataReceived
                0x000016e4       0xd4 ../../../../LUFA/Drivers/USB/Class/Host/MassStorage.o
 .text.MS_Host_SendCommand
                0x000017b8      0x166 ../../../../LUFA/Drivers/USB/Class/Host/MassStorage.o
 .text.MS_Host_GetReturnedStatus
                0x0000191e       0x5e ../../../../LUFA/Drivers/USB/Class/Host/MassStorage.o
 .text.MS_Host_ReadDeviceBlocks
                0x0000197c       0xe8 ../../../../LUFA/Drivers/USB/Class/Host/MassStorage.o
                0x0000197c                MS_Host_ReadDeviceBlocks
 .text.MS_Host_PreventAllowMediumRemoval
                0x00001a64       0x78 ../../../../LUFA/Drivers/USB/Class/Host/MassStorage.o
                0x00001a64                MS_Host_PreventAllowMediumRemoval
 .text.MS_Host_RequestSense
                0x00001adc       0x8a ../../../../LUFA/Drivers/USB/Class/Host/MassStorage.o
                0x00001adc                MS_Host_RequestSense
 .text.MS_Host_ReadDeviceCapacity
                0x00001b66      0x160 ../../../../LUFA/Drivers/USB/Class/Host/MassStorage.o
                0x00001b66                MS_Host_ReadDeviceCapacity
 .text.MS_Host_TestUnitReady
                0x00001cc6       0x76 ../../../../LUFA/Drivers/USB/Class/Host/MassStorage.o
                0x00001cc6                MS_Host_TestUnitReady
 .text.MS_Host_GetInquiryData
                0x00001d3c       0x8a ../../../../LUFA/Drivers/USB/Class/Host/MassStorage.o
                0x00001d3c                MS_Host_GetInquiryData
 .text.MS_Host_GetMaxLUN
                0x00001dc6       0x48 ../../../../LUFA/Drivers/USB/Class/Host/MassStorage.o
                0x00001dc6                MS_Host_GetMaxLUN
 .text.MS_Host_ResetMSInterface
                0x00001e0e       0x84 ../../../../LUFA/Drivers/USB/Class/Host/MassStorage.o
                0x00001e0e                MS_Host_ResetMSInterface
 .text.MS_Host_ConfigurePipes
                0x00001e92      0x15a ../../../../LUFA/Drivers/USB/Class/Host/MassStorage.o
                0x00001e92                MS_Host_ConfigurePipes
 .text.DCOMP_MS_Host_NextMSInterfaceEndpoint
                0x00001fec       0x28 ../../../../LUFA/Drivers/USB/Class/Host/MassStorage.o
 .text.Serial_putchar
                0x00002014       0x14 ../../../../LUFA/Drivers/Peripheral/AVR8/Serial_AVR8.o
                0x00002014                Serial_putchar
 .text.Serial_getchar
                0x00002028       0x28 ../../../../LUFA/Drivers/Peripheral/AVR8/Serial_AVR8.o
                0x00002028                Serial_getchar
 .text.libgcc   0x00002050       0x3e c:/winavr-20100110/bin/../lib/gcc/avr/4.3.3/avr51\libgcc.a(_mulsi3.o)
                0x00002050                __mulsi3
 .text.avr-libc
                0x0000208e       0x10 c:/winavr-20100110/bin/../lib/gcc/avr/4.3.3/../../../../avr/lib/avr51\libc.a(isprint.o)
                0x0000208e                isgraph
                0x00002092                isprint
 .text.avr-libc
                0x0000209e       0x58 c:/winavr-20100110/bin/../lib/gcc/avr/4.3.3/../../../../avr/lib/avr51\libc.a(fputc.o)
                0x0000209e                fputc
 .text.avr-libc
                0x000020f6       0x44 c:/winavr-20100110/bin/../lib/gcc/avr/4.3.3/../../../../avr/lib/avr51\libc.a(printf_p.o)
                0x000020f6                printf_P
 .text.avr-libc
                0x0000213a       0x6a c:/winavr-20100110/bin/../lib/gcc/avr/4.3.3/../../../../avr/lib/avr51\libc.a(puts_p.o)
                0x0000213a                puts_P
 .text.avr-libc
                0x000021a4      0x3f2 c:/winavr-20100110/bin/../lib/gcc/avr/4.3.3/../../../../avr/lib/avr51\libc.a(vfprintf_std.o)
                0x000021a4                vfprintf
 .text.avr-libc
                0x00002596        0x6 c:/winavr-20100110/bin/../lib/gcc/avr/4.3.3/../../../../avr/lib/avr51\libc.a(cty_isfalse.o)
                0x0000259a                __ctype_istrue
                0x00002596                __ctype_isfalse
 .text.avr-libc
                0x0000259c       0x16 c:/winavr-20100110/bin/../lib/gcc/avr/4.3.3/../../../../avr/lib/avr51\libc.a(strnlen_P.o)
                0x0000259c                strnlen_P
 .text.avr-libc
                0x000025b2       0x16 c:/winavr-20100110/bin/../lib/gcc/avr/4.3.3/../../../../avr/lib/avr51\libc.a(strnlen.o)
                0x000025b2                strnlen
 .text.avr-libc
                0x000025c8       0xbc c:/winavr-20100110/bin/../lib/gcc/avr/4.3.3/../../../../avr/lib/avr51\libc.a(ultoa_invert.o)
                0x000025c8                __ultoa_invert
                0x00002684                . = ALIGN (0x2)
 *(.fini9)
 .fini9         0x00002684        0x0 c:/winavr-20100110/bin/../lib/gcc/avr/4.3.3/avr51\libgcc.a(_exit.o)
                0x00002684                exit
                0x00002684                _exit
 *(.fini9)
 *(.fini8)
 *(.fini8)
 *(.fini7)
 *(.fini7)
 *(.fini6)
 *(.fini6)
 *(.fini5)
 *(.fini5)
 *(.fini4)
 *(.fini4)
 *(.fini3)
 *(.fini3)
 *(.fini2)
 *(.fini2)
 *(.fini1)
 *(.fini1)
 *(.fini0)
 .fini0         0x00002684        0x4 c:/winavr-20100110/bin/../lib/gcc/avr/4.3.3/avr51\libgcc.a(_exit.o)
 *(.fini0)
                0x00002688                _etext = .

.data           0x00800100       0x20 load address 0x00002688
                0x00800100                PROVIDE (__data_start, .)
 *(.data)
 .data          0x00800100        0xe MassStorageHost.o
                0x00800100                FlashDisk_MS_Interface
 .data          0x0080010e       0x10 ../../../../LUFA/Drivers/USB/Core/AVR8/Host_AVR8.o
 .data          0x0080011e        0x1 ../../../../LUFA/Drivers/USB/Core/AVR8/Pipe_AVR8.o
                0x0080011e                USB_Host_ControlPipeSize
 *(.data*)
 *(.rodata)
 *(.rodata*)
 *(.gnu.linkonce.d*)
                0x00800120                . = ALIGN (0x2)
 *fill*         0x0080011f        0x1 00
                0x00800120                _edata = .
                0x00800120                PROVIDE (__data_end, .)

.bss            0x00800120       0x22
                0x00800120                PROVIDE (__bss_start, .)
 *(.bss)
 .bss           0x00800120        0x3 ../../../../LUFA/Drivers/USB/Core/AVR8/Host_AVR8.o
 *(.bss*)
 *(COMMON)
 COMMON         0x00800123        0x1 ../../../../LUFA/Drivers/USB/Core/HostStandardReq.o
                0x00800123                USB_Host_ConfigurationNumber
 COMMON         0x00800124        0xa ../../../../LUFA/Drivers/USB/Core/USBTask.o
                0x00800124                USB_IsInitialized
                0x00800125                USB_ControlRequest
                0x0080012d                USB_HostState
 COMMON         0x0080012e        0xe ../../../../LUFA/Drivers/Peripheral/AVR8/Serial_AVR8.o
                0x0080012e                USARTSerialStream
 COMMON         0x0080013c        0x6 c:/winavr-20100110/bin/../lib/gcc/avr/4.3.3/../../../../avr/lib/avr51\libc.a(iob.o)
                0x0080013c                __iob
                0x00800142                PROVIDE (__bss_end, .)
                0x00002688                __data_load_start = LOADADDR (.data)
                0x000026a8                __data_load_end = (__data_load_start + SIZEOF (.data))

.noinit         0x00800142        0x0
                0x00800142                PROVIDE (__noinit_start, .)
 *(.noinit*)
                0x00800142                PROVIDE (__noinit_end, .)
                0x00800142                _end = .
                0x00800142                PROVIDE (__heap_start, .)

.eeprom         0x00810000        0x0
 *(.eeprom*)
                0x00810000                __eeprom_end = .

.fuse
 *(.fuse)
 *(.lfuse)
 *(.hfuse)
 *(.efuse)

.lock
 *(.lock*)

.signature
 *(.signature*)

.stab
 *(.stab)

.stabstr
 *(.stabstr)

.stab.excl
 *(.stab.excl)

.stab.exclstr
 *(.stab.exclstr)

.stab.index
 *(.stab.index)

.stab.indexstr
 *(.stab.indexstr)

.comment
 *(.comment)

.debug
 *(.debug)

.line
 *(.line)

.debug_srcinfo
 *(.debug_srcinfo)

.debug_sfnames
 *(.debug_sfnames)

.debug_aranges  0x00000000      0x6c8
 *(.debug_aranges)
 .debug_aranges
                0x00000000       0x58 MassStorageHost.o
 .debug_aranges
                0x00000058       0x30 ../../../../LUFA/Drivers/USB/Core/AVR8/Host_AVR8.o
 .debug_aranges
                0x00000088       0x38 ../../../../LUFA/Drivers/USB/Core/AVR8/Pipe_AVR8.o
 .debug_aranges
                0x000000c0       0x30 ../../../../LUFA/Drivers/USB/Core/AVR8/USBController_AVR8.o
 .debug_aranges
                0x000000f0       0x30 ../../../../LUFA/Drivers/USB/Core/AVR8/USBInterrupt_AVR8.o
 .debug_aranges
                0x00000120       0x78 ../../../../LUFA/Drivers/USB/Core/AVR8/PipeStream_AVR8.o
 .debug_aranges
                0x00000198       0x40 ../../../../LUFA/Drivers/USB/Core/ConfigDescriptor.o
 .debug_aranges
                0x000001d8       0x20 ../../../../LUFA/Drivers/USB/Core/Events.o
 .debug_aranges
                0x000001f8       0x58 ../../../../LUFA/Drivers/USB/Core/HostStandardReq.o
 .debug_aranges
                0x00000250       0x20 ../../../../LUFA/Drivers/USB/Core/USBTask.o
 .debug_aranges
                0x00000270       0x38 ../../../../LUFA/Drivers/USB/Class/Common/HIDParser.o
 .debug_aranges
                0x000002a8       0x48 ../../../../LUFA/Drivers/USB/Class/Host/Audio.o
 .debug_aranges
                0x000002f0       0xb8 ../../../../LUFA/Drivers/USB/Class/Host/CDC.o
 .debug_aranges
                0x000003a8       0x70 ../../../../LUFA/Drivers/USB/Class/Host/HID.o
 .debug_aranges
                0x00000418       0x90 ../../../../LUFA/Drivers/USB/Class/Host/MassStorage.o
 .debug_aranges
                0x000004a8       0x50 ../../../../LUFA/Drivers/USB/Class/Host/MIDI.o
 .debug_aranges
                0x000004f8       0x88 ../../../../LUFA/Drivers/USB/Class/Host/Printer.o
 .debug_aranges
                0x00000580       0x80 ../../../../LUFA/Drivers/USB/Class/Host/RNDIS.o
 .debug_aranges
                0x00000600       0x80 ../../../../LUFA/Drivers/USB/Class/Host/StillImage.o
 .debug_aranges
                0x00000680       0x48 ../../../../LUFA/Drivers/Peripheral/AVR8/Serial_AVR8.o

.debug_pubnames
                0x00000000      0xf95
 *(.debug_pubnames)
 .debug_pubnames
                0x00000000      0x11c MassStorageHost.o
 .debug_pubnames
                0x0000011c       0x48 ../../../../LUFA/Drivers/USB/Core/AVR8/Host_AVR8.o
 .debug_pubnames
                0x00000164       0x8b ../../../../LUFA/Drivers/USB/Core/AVR8/Pipe_AVR8.o
 .debug_pubnames
                0x000001ef       0x46 ../../../../LUFA/Drivers/USB/Core/AVR8/USBController_AVR8.o
 .debug_pubnames
                0x00000235       0x62 ../../../../LUFA/Drivers/USB/Core/AVR8/USBInterrupt_AVR8.o
 .debug_pubnames
                0x00000297      0x13b ../../../../LUFA/Drivers/USB/Core/AVR8/PipeStream_AVR8.o
 .debug_pubnames
                0x000003d2       0xc2 ../../../../LUFA/Drivers/USB/Core/ConfigDescriptor.o
 .debug_pubnames
                0x00000494       0x25 ../../../../LUFA/Drivers/USB/Core/Events.o
 .debug_pubnames
                0x000004b9      0x120 ../../../../LUFA/Drivers/USB/Core/HostStandardReq.o
 .debug_pubnames
                0x000005d9       0x61 ../../../../LUFA/Drivers/USB/Core/USBTask.o
 .debug_pubnames
                0x0000063a       0x7e ../../../../LUFA/Drivers/USB/Class/Common/HIDParser.o
 .debug_pubnames
                0x000006b8       0x78 ../../../../LUFA/Drivers/USB/Class/Host/Audio.o
 .debug_pubnames
                0x00000730      0x17e ../../../../LUFA/Drivers/USB/Class/Host/CDC.o
 .debug_pubnames
                0x000008ae       0xf9 ../../../../LUFA/Drivers/USB/Class/Host/HID.o
 .debug_pubnames
                0x000009a7      0x12e ../../../../LUFA/Drivers/USB/Class/Host/MassStorage.o
 .debug_pubnames
                0x00000ad5       0x98 ../../../../LUFA/Drivers/USB/Class/Host/MIDI.o
 .debug_pubnames
                0x00000b6d      0x147 ../../../../LUFA/Drivers/USB/Class/Host/Printer.o
 .debug_pubnames
                0x00000cb4      0x103 ../../../../LUFA/Drivers/USB/Class/Host/RNDIS.o
 .debug_pubnames
                0x00000db7      0x132 ../../../../LUFA/Drivers/USB/Class/Host/StillImage.o
 .debug_pubnames
                0x00000ee9       0xac ../../../../LUFA/Drivers/Peripheral/AVR8/Serial_AVR8.o

.debug_info     0x00000000     0xbc69
 *(.debug_info)
 .debug_info    0x00000000      0xe75 MassStorageHost.o
 .debug_info    0x00000e75        0x0 ../../../../LUFA/Drivers/USB/Core/AVR8/Device_AVR8.o
 .debug_info    0x00000e75        0x0 ../../../../LUFA/Drivers/USB/Core/AVR8/Endpoint_AVR8.o
 .debug_info    0x00000e75      0x994 ../../../../LUFA/Drivers/USB/Core/AVR8/Host_AVR8.o
 .debug_info    0x00001809      0x549 ../../../../LUFA/Drivers/USB/Core/AVR8/Pipe_AVR8.o
 .debug_info    0x00001d52      0x3cf ../../../../LUFA/Drivers/USB/Core/AVR8/USBController_AVR8.o
 .debug_info    0x00002121      0x434 ../../../../LUFA/Drivers/USB/Core/AVR8/USBInterrupt_AVR8.o
 .debug_info    0x00002555        0x0 ../../../../LUFA/Drivers/USB/Core/AVR8/EndpointStream_AVR8.o
 .debug_info    0x00002555      0xa84 ../../../../LUFA/Drivers/USB/Core/AVR8/PipeStream_AVR8.o
 .debug_info    0x00002fd9      0x5ee ../../../../LUFA/Drivers/USB/Core/ConfigDescriptor.o
 .debug_info    0x000035c7        0x0 ../../../../LUFA/Drivers/USB/Core/DeviceStandardReq.o
 .debug_info    0x000035c7       0x79 ../../../../LUFA/Drivers/USB/Core/Events.o
 .debug_info    0x00003640      0x8ae ../../../../LUFA/Drivers/USB/Core/HostStandardReq.o
 .debug_info    0x00003eee      0x1ef ../../../../LUFA/Drivers/USB/Core/USBTask.o
 .debug_info    0x000040dd      0x6ec ../../../../LUFA/Drivers/USB/Class/Common/HIDParser.o
 .debug_info    0x000047c9        0x0 ../../../../LUFA/Drivers/USB/Class/Device/Audio.o
 .debug_info    0x000047c9        0x0 ../../../../LUFA/Drivers/USB/Class/Device/CDC.o
 .debug_info    0x000047c9        0x0 ../../../../LUFA/Drivers/USB/Class/Device/HID.o
 .debug_info    0x000047c9        0x0 ../../../../LUFA/Drivers/USB/Class/Device/MassStorage.o
 .debug_info    0x000047c9        0x0 ../../../../LUFA/Drivers/USB/Class/Device/MIDI.o
 .debug_info    0x000047c9        0x0 ../../../../LUFA/Drivers/USB/Class/Device/RNDIS.o
 .debug_info    0x000047c9      0x75b ../../../../LUFA/Drivers/USB/Class/Host/Audio.o
 .debug_info    0x00004f24     0x102f ../../../../LUFA/Drivers/USB/Class/Host/CDC.o
 .debug_info    0x00005f53      0xfbf ../../../../LUFA/Drivers/USB/Class/Host/HID.o
 .debug_info    0x00006f12     0x1480 ../../../../LUFA/Drivers/USB/Class/Host/MassStorage.o
 .debug_info    0x00008392      0x845 ../../../../LUFA/Drivers/USB/Class/Host/MIDI.o
 .debug_info    0x00008bd7      0xd78 ../../../../LUFA/Drivers/USB/Class/Host/Printer.o
 .debug_info    0x0000994f     0x11ab ../../../../LUFA/Drivers/USB/Class/Host/RNDIS.o
 .debug_info    0x0000aafa      0xd96 ../../../../LUFA/Drivers/USB/Class/Host/StillImage.o
 .debug_info    0x0000b890      0x3d9 ../../../../LUFA/Drivers/Peripheral/AVR8/Serial_AVR8.o
 *(.gnu.linkonce.wi.*)

.debug_abbrev   0x00000000     0x28be
 *(.debug_abbrev)
 .debug_abbrev  0x00000000      0x2fe MassStorageHost.o
 .debug_abbrev  0x000002fe        0x1 ../../../../LUFA/Drivers/USB/Core/AVR8/Device_AVR8.o
 .debug_abbrev  0x000002ff        0x1 ../../../../LUFA/Drivers/USB/Core/AVR8/Endpoint_AVR8.o
 .debug_abbrev  0x00000300      0x2ae ../../../../LUFA/Drivers/USB/Core/AVR8/Host_AVR8.o
 .debug_abbrev  0x000005ae      0x1f3 ../../../../LUFA/Drivers/USB/Core/AVR8/Pipe_AVR8.o
 .debug_abbrev  0x000007a1      0x150 ../../../../LUFA/Drivers/USB/Core/AVR8/USBController_AVR8.o
 .debug_abbrev  0x000008f1      0x128 ../../../../LUFA/Drivers/USB/Core/AVR8/USBInterrupt_AVR8.o
 .debug_abbrev  0x00000a19        0x1 ../../../../LUFA/Drivers/USB/Core/AVR8/EndpointStream_AVR8.o
 .debug_abbrev  0x00000a1a      0x16f ../../../../LUFA/Drivers/USB/Core/AVR8/PipeStream_AVR8.o
 .debug_abbrev  0x00000b89      0x1c8 ../../../../LUFA/Drivers/USB/Core/ConfigDescriptor.o
 .debug_abbrev  0x00000d51        0x1 ../../../../LUFA/Drivers/USB/Core/DeviceStandardReq.o
 .debug_abbrev  0x00000d52       0x4a ../../../../LUFA/Drivers/USB/Core/Events.o
 .debug_abbrev  0x00000d9c      0x232 ../../../../LUFA/Drivers/USB/Core/HostStandardReq.o
 .debug_abbrev  0x00000fce      0x129 ../../../../LUFA/Drivers/USB/Core/USBTask.o
 .debug_abbrev  0x000010f7      0x1e7 ../../../../LUFA/Drivers/USB/Class/Common/HIDParser.o
 .debug_abbrev  0x000012de        0x1 ../../../../LUFA/Drivers/USB/Class/Device/Audio.o
 .debug_abbrev  0x000012df        0x1 ../../../../LUFA/Drivers/USB/Class/Device/CDC.o
 .debug_abbrev  0x000012e0        0x1 ../../../../LUFA/Drivers/USB/Class/Device/HID.o
 .debug_abbrev  0x000012e1        0x1 ../../../../LUFA/Drivers/USB/Class/Device/MassStorage.o
 .debug_abbrev  0x000012e2        0x1 ../../../../LUFA/Drivers/USB/Class/Device/MIDI.o
 .debug_abbrev  0x000012e3        0x1 ../../../../LUFA/Drivers/USB/Class/Device/RNDIS.o
 .debug_abbrev  0x000012e4      0x1b8 ../../../../LUFA/Drivers/USB/Class/Host/Audio.o
 .debug_abbrev  0x0000149c      0x322 ../../../../LUFA/Drivers/USB/Class/Host/CDC.o
 .debug_abbrev  0x000017be      0x2a6 ../../../../LUFA/Drivers/USB/Class/Host/HID.o
 .debug_abbrev  0x00001a64      0x2ee ../../../../LUFA/Drivers/USB/Class/Host/MassStorage.o
 .debug_abbrev  0x00001d52      0x1df ../../../../LUFA/Drivers/USB/Class/Host/MIDI.o
 .debug_abbrev  0x00001f31      0x2b0 ../../../../LUFA/Drivers/USB/Class/Host/Printer.o
 .debug_abbrev  0x000021e1      0x27b ../../../../LUFA/Drivers/USB/Class/Host/RNDIS.o
 .debug_abbrev  0x0000245c      0x27f ../../../../LUFA/Drivers/USB/Class/Host/StillImage.o
 .debug_abbrev  0x000026db      0x1e3 ../../../../LUFA/Drivers/Peripheral/AVR8/Serial_AVR8.o

.debug_line     0x00000000     0x7e7c
 *(.debug_line)
 .debug_line    0x00000000      0x643 MassStorageHost.o
 .debug_line    0x00000643       0x24 ../../../../LUFA/Drivers/USB/Core/AVR8/Device_AVR8.o
 .debug_line    0x00000667       0x24 ../../../../LUFA/Drivers/USB/Core/AVR8/Endpoint_AVR8.o
 .debug_line    0x0000068b      0x834 ../../../../LUFA/Drivers/USB/Core/AVR8/Host_AVR8.o
 .debug_line    0x00000ebf      0x4a3 ../../../../LUFA/Drivers/USB/Core/AVR8/Pipe_AVR8.o
 .debug_line    0x00001362      0x3bb ../../../../LUFA/Drivers/USB/Core/AVR8/USBController_AVR8.o
 .debug_line    0x0000171d      0x40f ../../../../LUFA/Drivers/USB/Core/AVR8/USBInterrupt_AVR8.o
 .debug_line    0x00001b2c       0x24 ../../../../LUFA/Drivers/USB/Core/AVR8/EndpointStream_AVR8.o
 .debug_line    0x00001b50      0xb5e ../../../../LUFA/Drivers/USB/Core/AVR8/PipeStream_AVR8.o
 .debug_line    0x000026ae      0x344 ../../../../LUFA/Drivers/USB/Core/ConfigDescriptor.o
 .debug_line    0x000029f2       0x24 ../../../../LUFA/Drivers/USB/Core/DeviceStandardReq.o
 .debug_line    0x00002a16       0x86 ../../../../LUFA/Drivers/USB/Core/Events.o
 .debug_line    0x00002a9c      0x694 ../../../../LUFA/Drivers/USB/Core/HostStandardReq.o
 .debug_line    0x00003130      0x18f ../../../../LUFA/Drivers/USB/Core/USBTask.o
 .debug_line    0x000032bf      0x5ad ../../../../LUFA/Drivers/USB/Class/Common/HIDParser.o
 .debug_line    0x0000386c       0x24 ../../../../LUFA/Drivers/USB/Class/Device/Audio.o
 .debug_line    0x00003890       0x24 ../../../../LUFA/Drivers/USB/Class/Device/CDC.o
 .debug_line    0x000038b4       0x24 ../../../../LUFA/Drivers/USB/Class/Device/HID.o
 .debug_line    0x000038d8       0x24 ../../../../LUFA/Drivers/USB/Class/Device/MassStorage.o
 .debug_line    0x000038fc       0x24 ../../../../LUFA/Drivers/USB/Class/Device/MIDI.o
 .debug_line    0x00003920       0x24 ../../../../LUFA/Drivers/USB/Class/Device/RNDIS.o
 .debug_line    0x00003944      0x4db ../../../../LUFA/Drivers/USB/Class/Host/Audio.o
 .debug_line    0x00003e1f      0xa49 ../../../../LUFA/Drivers/USB/Class/Host/CDC.o
 .debug_line    0x00004868      0x7be ../../../../LUFA/Drivers/USB/Class/Host/HID.o
 .debug_line    0x00005026      0xa26 ../../../../LUFA/Drivers/USB/Class/Host/MassStorage.o
 .debug_line    0x00005a4c      0x5a3 ../../../../LUFA/Drivers/USB/Class/Host/MIDI.o
 .debug_line    0x00005fef      0x938 ../../../../LUFA/Drivers/USB/Class/Host/Printer.o
 .debug_line    0x00006927      0x964 ../../../../LUFA/Drivers/USB/Class/Host/RNDIS.o
 .debug_line    0x0000728b      0x948 ../../../../LUFA/Drivers/USB/Class/Host/StillImage.o
 .debug_line    0x00007bd3      0x2a9 ../../../../LUFA/Drivers/Peripheral/AVR8/Serial_AVR8.o

.debug_frame    0x00000000      0xb10
 *(.debug_frame)
 .debug_frame   0x00000000       0x90 MassStorageHost.o
 .debug_frame   0x00000090       0x40 ../../../../LUFA/Drivers/USB/Core/AVR8/Host_AVR8.o
 .debug_frame   0x000000d0       0x50 ../../../../LUFA/Drivers/USB/Core/AVR8/Pipe_AVR8.o
 .debug_frame   0x00000120       0x40 ../../../../LUFA/Drivers/USB/Core/AVR8/USBController_AVR8.o
 .debug_frame   0x00000160       0x40 ../../../../LUFA/Drivers/USB/Core/AVR8/USBInterrupt_AVR8.o
 .debug_frame   0x000001a0       0xd0 ../../../../LUFA/Drivers/USB/Core/AVR8/PipeStream_AVR8.o
 .debug_frame   0x00000270       0x60 ../../../../LUFA/Drivers/USB/Core/ConfigDescriptor.o
 .debug_frame   0x000002d0       0x20 ../../../../LUFA/Drivers/USB/Core/Events.o
 .debug_frame   0x000002f0       0x90 ../../../../LUFA/Drivers/USB/Core/HostStandardReq.o
 .debug_frame   0x00000380       0x20 ../../../../LUFA/Drivers/USB/Core/USBTask.o
 .debug_frame   0x000003a0       0x50 ../../../../LUFA/Drivers/USB/Class/Common/HIDParser.o
 .debug_frame   0x000003f0       0x70 ../../../../LUFA/Drivers/USB/Class/Host/Audio.o
 .debug_frame   0x00000460      0x150 ../../../../LUFA/Drivers/USB/Class/Host/CDC.o
 .debug_frame   0x000005b0       0xc0 ../../../../LUFA/Drivers/USB/Class/Host/HID.o
 .debug_frame   0x00000670      0x100 ../../../../LUFA/Drivers/USB/Class/Host/MassStorage.o
 .debug_frame   0x00000770       0x80 ../../../../LUFA/Drivers/USB/Class/Host/MIDI.o
 .debug_frame   0x000007f0       0xf0 ../../../../LUFA/Drivers/USB/Class/Host/Printer.o
 .debug_frame   0x000008e0       0xe0 ../../../../LUFA/Drivers/USB/Class/Host/RNDIS.o
 .debug_frame   0x000009c0       0xe0 ../../../../LUFA/Drivers/USB/Class/Host/StillImage.o
 .debug_frame   0x00000aa0       0x70 ../../../../LUFA/Drivers/Peripheral/AVR8/Serial_AVR8.o

.debug_str      0x00000000     0x4591
 *(.debug_str)
 .debug_str     0x00000000      0x970 MassStorageHost.o
                                0xa01 (size before relaxing)
 .debug_str     0x00000970      0x6d1 ../../../../LUFA/Drivers/USB/Core/AVR8/Host_AVR8.o
                                0x9f5 (size before relaxing)
 .debug_str     0x00001041      0x28a ../../../../LUFA/Drivers/USB/Core/AVR8/Pipe_AVR8.o
                                0x533 (size before relaxing)
 .debug_str     0x000012cb      0x16d ../../../../LUFA/Drivers/USB/Core/AVR8/USBController_AVR8.o
                                0x4d8 (size before relaxing)
 .debug_str     0x00001438       0xaf ../../../../LUFA/Drivers/USB/Core/AVR8/USBInterrupt_AVR8.o
                                0x49a (size before relaxing)
 .debug_str     0x000014e7      0x285 ../../../../LUFA/Drivers/USB/Core/AVR8/PipeStream_AVR8.o
                                0x37e (size before relaxing)
 .debug_str     0x0000176c      0x2fc ../../../../LUFA/Drivers/USB/Core/ConfigDescriptor.o
                                0x7c8 (size before relaxing)
 .debug_str     0x00001a68       0x3a ../../../../LUFA/Drivers/USB/Core/Events.o
                                 0xf9 (size before relaxing)
 .debug_str     0x00001aa2      0x2c7 ../../../../LUFA/Drivers/USB/Core/HostStandardReq.o
                                0x9c4 (size before relaxing)
 .debug_str     0x00001d69       0x4e ../../../../LUFA/Drivers/USB/Core/USBTask.o
                                0x1c8 (size before relaxing)
 .debug_str     0x00001db7      0x476 ../../../../LUFA/Drivers/USB/Class/Common/HIDParser.o
                                0x5e7 (size before relaxing)
 .debug_str     0x0000222d      0x441 ../../../../LUFA/Drivers/USB/Class/Host/Audio.o
                                0x984 (size before relaxing)
 .debug_str     0x0000266e      0x5ee ../../../../LUFA/Drivers/USB/Class/Host/CDC.o
                                0xe28 (size before relaxing)
 .debug_str     0x00002c5c      0x493 ../../../../LUFA/Drivers/USB/Class/Host/HID.o
                               0x11fe (size before relaxing)
 .debug_str     0x000030ef      0x3c4 ../../../../LUFA/Drivers/USB/Class/Host/MassStorage.o
                                0xfd1 (size before relaxing)
 .debug_str     0x000034b3      0x224 ../../../../LUFA/Drivers/USB/Class/Host/MIDI.o
                                0xb68 (size before relaxing)
 .debug_str     0x000036d7      0x37d ../../../../LUFA/Drivers/USB/Class/Host/Printer.o
                                0xcd7 (size before relaxing)
 .debug_str     0x00003a54      0x63c ../../../../LUFA/Drivers/USB/Class/Host/RNDIS.o
                               0x11e3 (size before relaxing)
 .debug_str     0x00004090      0x40d ../../../../LUFA/Drivers/USB/Class/Host/StillImage.o
                                0xc3d (size before relaxing)
 .debug_str     0x0000449d       0xf4 ../../../../LUFA/Drivers/Peripheral/AVR8/Serial_AVR8.o
                                0x247 (size before relaxing)

.debug_loc      0x00000000     0x5852
 *(.debug_loc)
 .debug_loc     0x00000000      0x143 MassStorageHost.o
 .debug_loc     0x00000143      0x1c4 ../../../../LUFA/Drivers/USB/Core/AVR8/Host_AVR8.o
 .debug_loc     0x00000307      0x1ca ../../../../LUFA/Drivers/USB/Core/AVR8/Pipe_AVR8.o
 .debug_loc     0x000004d1      0xe9e ../../../../LUFA/Drivers/USB/Core/AVR8/PipeStream_AVR8.o
 .debug_loc     0x0000136f      0x3ac ../../../../LUFA/Drivers/USB/Core/ConfigDescriptor.o
 .debug_loc     0x0000171b      0x328 ../../../../LUFA/Drivers/USB/Core/HostStandardReq.o
 .debug_loc     0x00001a43       0x13 ../../../../LUFA/Drivers/USB/Core/USBTask.o
 .debug_loc     0x00001a56      0x4fa ../../../../LUFA/Drivers/USB/Class/Common/HIDParser.o
 .debug_loc     0x00001f50      0x3ae ../../../../LUFA/Drivers/USB/Class/Host/Audio.o
 .debug_loc     0x000022fe      0x713 ../../../../LUFA/Drivers/USB/Class/Host/CDC.o
 .debug_loc     0x00002a11      0x764 ../../../../LUFA/Drivers/USB/Class/Host/HID.o
 .debug_loc     0x00003175      0xb27 ../../../../LUFA/Drivers/USB/Class/Host/MassStorage.o
 .debug_loc     0x00003c9c      0x372 ../../../../LUFA/Drivers/USB/Class/Host/MIDI.o
 .debug_loc     0x0000400e      0x671 ../../../../LUFA/Drivers/USB/Class/Host/Printer.o
 .debug_loc     0x0000467f      0x825 ../../../../LUFA/Drivers/USB/Class/Host/RNDIS.o
 .debug_loc     0x00004ea4      0x8e8 ../../../../LUFA/Drivers/USB/Class/Host/StillImage.o
 .debug_loc     0x0000578c       0xc6 ../../../../LUFA/Drivers/Peripheral/AVR8/Serial_AVR8.o

.debug_macinfo
 *(.debug_macinfo)
OUTPUT(MassStorageHost.elf elf32-avr)
LOAD linker stubs

.debug_ranges   0x00000000      0x7c8
 .debug_ranges  0x00000000       0x80 MassStorageHost.o
 .debug_ranges  0x00000080       0x88 ../../../../LUFA/Drivers/USB/Core/AVR8/Host_AVR8.o
 .debug_ranges  0x00000108       0x48 ../../../../LUFA/Drivers/USB/Core/AVR8/Pipe_AVR8.o
 .debug_ranges  0x00000150       0x28 ../../../../LUFA/Drivers/USB/Core/AVR8/USBController_AVR8.o
 .debug_ranges  0x00000178       0x28 ../../../../LUFA/Drivers/USB/Core/AVR8/USBInterrupt_AVR8.o
 .debug_ranges  0x000001a0       0x70 ../../../../LUFA/Drivers/USB/Core/AVR8/PipeStream_AVR8.o
 .debug_ranges  0x00000210       0x38 ../../../../LUFA/Drivers/USB/Core/ConfigDescriptor.o
 .debug_ranges  0x00000248       0x18 ../../../../LUFA/Drivers/USB/Core/Events.o
 .debug_ranges  0x00000260       0x50 ../../../../LUFA/Drivers/USB/Core/HostStandardReq.o
 .debug_ranges  0x000002b0       0x18 ../../../../LUFA/Drivers/USB/Core/USBTask.o
 .debug_ranges  0x000002c8       0xa0 ../../../../LUFA/Drivers/USB/Class/Common/HIDParser.o
 .debug_ranges  0x00000368       0x58 ../../../../LUFA/Drivers/USB/Class/Host/Audio.o
 .debug_ranges  0x000003c0       0xc8 ../../../../LUFA/Drivers/USB/Class/Host/CDC.o
 .debug_ranges  0x00000488       0x68 ../../../../LUFA/Drivers/USB/Class/Host/HID.o
 .debug_ranges  0x000004f0       0xb0 ../../../../LUFA/Drivers/USB/Class/Host/MassStorage.o
 .debug_ranges  0x000005a0       0x48 ../../../../LUFA/Drivers/USB/Class/Host/MIDI.o
 .debug_ranges  0x000005e8       0x80 ../../../../LUFA/Drivers/USB/Class/Host/Printer.o
 .debug_ranges  0x00000668       0x90 ../../../../LUFA/Drivers/USB/Class/Host/RNDIS.o
 .debug_ranges  0x000006f8       0x78 ../../../../LUFA/Drivers/USB/Class/Host/StillImage.o
 .debug_ranges  0x00000770       0x58 ../../../../LUFA/Drivers/Peripheral/AVR8/Serial_AVR8.o

Cross Reference Table

Symbol                                            File
Audio_Host_ConfigurePipes                         ../../../../LUFA/Drivers/USB/Class/Host/Audio.o
Audio_Host_GetSetEndpointProperty                 ../../../../LUFA/Drivers/USB/Class/Host/Audio.o
Audio_Host_StartStopStreaming                     ../../../../LUFA/Drivers/USB/Class/Host/Audio.o
CALLBACK_HIDParser_FilterHIDReportItem            ../../../../LUFA/Drivers/USB/Class/Common/HIDParser.o
CDC_Host_BytesReceived                            ../../../../LUFA/Drivers/USB/Class/Host/CDC.o
CDC_Host_ConfigurePipes                           ../../../../LUFA/Drivers/USB/Class/Host/CDC.o
CDC_Host_CreateBlockingStream                     ../../../../LUFA/Drivers/USB/Class/Host/CDC.o
CDC_Host_CreateStream                             ../../../../LUFA/Drivers/USB/Class/Host/CDC.o
CDC_Host_Event_Stub                               ../../../../LUFA/Drivers/USB/Class/Host/CDC.o
CDC_Host_Flush                                    ../../../../LUFA/Drivers/USB/Class/Host/CDC.o
CDC_Host_ReceiveByte                              ../../../../LUFA/Drivers/USB/Class/Host/CDC.o
CDC_Host_SendBreak                                ../../../../LUFA/Drivers/USB/Class/Host/CDC.o
CDC_Host_SendByte                                 ../../../../LUFA/Drivers/USB/Class/Host/CDC.o
CDC_Host_SendControlLineStateChange               ../../../../LUFA/Drivers/USB/Class/Host/CDC.o
CDC_Host_SendData                                 ../../../../LUFA/Drivers/USB/Class/Host/CDC.o
CDC_Host_SendString                               ../../../../LUFA/Drivers/USB/Class/Host/CDC.o
CDC_Host_SetLineEncoding                          ../../../../LUFA/Drivers/USB/Class/Host/CDC.o
CDC_Host_USBTask                                  ../../../../LUFA/Drivers/USB/Class/Host/CDC.o
EVENT_CDC_Host_ControLineStateChanged             ../../../../LUFA/Drivers/USB/Class/Host/CDC.o
EVENT_USB_Host_DeviceAttached                     MassStorageHost.o
                                                  ../../../../LUFA/Drivers/USB/Core/AVR8/USBInterrupt_AVR8.o
EVENT_USB_Host_DeviceEnumerationComplete          MassStorageHost.o
                                                  ../../../../LUFA/Drivers/USB/Core/AVR8/Host_AVR8.o
EVENT_USB_Host_DeviceEnumerationFailed            MassStorageHost.o
                                                  ../../../../LUFA/Drivers/USB/Core/AVR8/USBInterrupt_AVR8.o
                                                  ../../../../LUFA/Drivers/USB/Core/AVR8/Host_AVR8.o
EVENT_USB_Host_DeviceUnattached                   MassStorageHost.o
                                                  ../../../../LUFA/Drivers/USB/Core/AVR8/USBInterrupt_AVR8.o
                                                  ../../../../LUFA/Drivers/USB/Core/AVR8/Host_AVR8.o
EVENT_USB_Host_HostError                          MassStorageHost.o
                                                  ../../../../LUFA/Drivers/USB/Core/AVR8/USBInterrupt_AVR8.o
EVENT_USB_Host_StartOfFrame                       ../../../../LUFA/Drivers/USB/Core/Events.o
                                                  ../../../../LUFA/Drivers/USB/Core/AVR8/USBInterrupt_AVR8.o
FlashDisk_MS_Interface                            MassStorageHost.o
HID_Host_ConfigurePipes                           ../../../../LUFA/Drivers/USB/Class/Host/HID.o
HID_Host_IsReportReceived                         ../../../../LUFA/Drivers/USB/Class/Host/HID.o
HID_Host_ReceiveReport                            ../../../../LUFA/Drivers/USB/Class/Host/HID.o
HID_Host_ReceiveReportByID                        ../../../../LUFA/Drivers/USB/Class/Host/HID.o
HID_Host_SendReportByID                           ../../../../LUFA/Drivers/USB/Class/Host/HID.o
HID_Host_SetBootProtocol                          ../../../../LUFA/Drivers/USB/Class/Host/HID.o
HID_Host_SetIdlePeriod                            ../../../../LUFA/Drivers/USB/Class/Host/HID.o
HID_Host_SetReportProtocol                        ../../../../LUFA/Drivers/USB/Class/Host/HID.o
MIDI_Host_ConfigurePipes                          ../../../../LUFA/Drivers/USB/Class/Host/MIDI.o
MIDI_Host_Flush                                   ../../../../LUFA/Drivers/USB/Class/Host/MIDI.o
MIDI_Host_ReceiveEventPacket                      ../../../../LUFA/Drivers/USB/Class/Host/MIDI.o
MIDI_Host_SendEventPacket                         ../../../../LUFA/Drivers/USB/Class/Host/MIDI.o
MIDI_Host_USBTask                                 ../../../../LUFA/Drivers/USB/Class/Host/MIDI.o
MS_Host_ConfigurePipes                            ../../../../LUFA/Drivers/USB/Class/Host/MassStorage.o
                                                  MassStorageHost.o
MS_Host_GetInquiryData                            ../../../../LUFA/Drivers/USB/Class/Host/MassStorage.o
                                                  MassStorageHost.o
MS_Host_GetMaxLUN                                 ../../../../LUFA/Drivers/USB/Class/Host/MassStorage.o
                                                  MassStorageHost.o
MS_Host_PreventAllowMediumRemoval                 ../../../../LUFA/Drivers/USB/Class/Host/MassStorage.o
                                                  MassStorageHost.o
MS_Host_ReadDeviceBlocks                          ../../../../LUFA/Drivers/USB/Class/Host/MassStorage.o
                                                  MassStorageHost.o
MS_Host_ReadDeviceCapacity                        ../../../../LUFA/Drivers/USB/Class/Host/MassStorage.o
                                                  MassStorageHost.o
MS_Host_RequestSense                              ../../../../LUFA/Drivers/USB/Class/Host/MassStorage.o
                                                  MassStorageHost.o
MS_Host_ResetMSInterface                          ../../../../LUFA/Drivers/USB/Class/Host/MassStorage.o
                                                  MassStorageHost.o
MS_Host_TestUnitReady                             ../../../../LUFA/Drivers/USB/Class/Host/MassStorage.o
                                                  MassStorageHost.o
MS_Host_WriteDeviceBlocks                         ../../../../LUFA/Drivers/USB/Class/Host/MassStorage.o
MassStorageHost_Task                              MassStorageHost.o
PRNT_Host_BytesReceived                           ../../../../LUFA/Drivers/USB/Class/Host/Printer.o
PRNT_Host_ConfigurePipes                          ../../../../LUFA/Drivers/USB/Class/Host/Printer.o
PRNT_Host_Flush                                   ../../../../LUFA/Drivers/USB/Class/Host/Printer.o
PRNT_Host_GetDeviceID                             ../../../../LUFA/Drivers/USB/Class/Host/Printer.o
PRNT_Host_GetPortStatus                           ../../../../LUFA/Drivers/USB/Class/Host/Printer.o
PRNT_Host_ReceiveByte                             ../../../../LUFA/Drivers/USB/Class/Host/Printer.o
PRNT_Host_SendByte                                ../../../../LUFA/Drivers/USB/Class/Host/Printer.o
PRNT_Host_SendData                                ../../../../LUFA/Drivers/USB/Class/Host/Printer.o
PRNT_Host_SendString                              ../../../../LUFA/Drivers/USB/Class/Host/Printer.o
PRNT_Host_SetBidirectionalMode                    ../../../../LUFA/Drivers/USB/Class/Host/Printer.o
PRNT_Host_SoftReset                               ../../../../LUFA/Drivers/USB/Class/Host/Printer.o
PRNT_Host_USBTask                                 ../../../../LUFA/Drivers/USB/Class/Host/Printer.o
Pipe_ClearPipes                                   ../../../../LUFA/Drivers/USB/Core/AVR8/Pipe_AVR8.o
                                                  ../../../../LUFA/Drivers/USB/Core/AVR8/Host_AVR8.o
Pipe_ConfigurePipe                                ../../../../LUFA/Drivers/USB/Core/AVR8/Pipe_AVR8.o
                                                  ../../../../LUFA/Drivers/USB/Class/Host/StillImage.o
                                                  ../../../../LUFA/Drivers/USB/Class/Host/RNDIS.o
                                                  ../../../../LUFA/Drivers/USB/Class/Host/Printer.o
                                                  ../../../../LUFA/Drivers/USB/Class/Host/MIDI.o
                                                  ../../../../LUFA/Drivers/USB/Class/Host/MassStorage.o
                                                  ../../../../LUFA/Drivers/USB/Class/Host/HID.o
                                                  ../../../../LUFA/Drivers/USB/Class/Host/CDC.o
                                                  ../../../../LUFA/Drivers/USB/Class/Host/Audio.o
                                                  ../../../../LUFA/Drivers/USB/Core/AVR8/Host_AVR8.o
Pipe_Discard_Stream                               ../../../../LUFA/Drivers/USB/Core/AVR8/PipeStream_AVR8.o
                                                  ../../../../LUFA/Drivers/USB/Class/Host/RNDIS.o
Pipe_IsEndpointBound                              ../../../../LUFA/Drivers/USB/Core/AVR8/Pipe_AVR8.o
                                                  ../../../../LUFA/Drivers/USB/Class/Host/StillImage.o
                                                  ../../../../LUFA/Drivers/USB/Class/Host/RNDIS.o
                                                  ../../../../LUFA/Drivers/USB/Class/Host/MIDI.o
                                                  ../../../../LUFA/Drivers/USB/Class/Host/MassStorage.o
                                                  ../../../../LUFA/Drivers/USB/Class/Host/HID.o
                                                  ../../../../LUFA/Drivers/USB/Class/Host/CDC.o
Pipe_Null_Stream                                  ../../../../LUFA/Drivers/USB/Core/AVR8/PipeStream_AVR8.o
Pipe_Read_EStream_BE                              ../../../../LUFA/Drivers/USB/Core/AVR8/PipeStream_AVR8.o
Pipe_Read_EStream_LE                              ../../../../LUFA/Drivers/USB/Core/AVR8/PipeStream_AVR8.o
Pipe_Read_Stream_BE                               ../../../../LUFA/Drivers/USB/Core/AVR8/PipeStream_AVR8.o
Pipe_Read_Stream_LE                               ../../../../LUFA/Drivers/USB/Core/AVR8/PipeStream_AVR8.o
                                                  ../../../../LUFA/Drivers/USB/Class/Host/StillImage.o
                                                  ../../../../LUFA/Drivers/USB/Class/Host/RNDIS.o
                                                  ../../../../LUFA/Drivers/USB/Class/Host/MIDI.o
                                                  ../../../../LUFA/Drivers/USB/Class/Host/MassStorage.o
                                                  ../../../../LUFA/Drivers/USB/Class/Host/HID.o
                                                  ../../../../LUFA/Drivers/USB/Class/Host/CDC.o
Pipe_WaitUntilReady                               ../../../../LUFA/Drivers/USB/Core/AVR8/Pipe_AVR8.o
                                                  ../../../../LUFA/Drivers/USB/Class/Host/Printer.o
                                                  ../../../../LUFA/Drivers/USB/Class/Host/MIDI.o
                                                  ../../../../LUFA/Drivers/USB/Class/Host/MassStorage.o
                                                  ../../../../LUFA/Drivers/USB/Class/Host/CDC.o
                                                  ../../../../LUFA/Drivers/USB/Core/AVR8/PipeStream_AVR8.o
Pipe_Write_EStream_BE                             ../../../../LUFA/Drivers/USB/Core/AVR8/PipeStream_AVR8.o
Pipe_Write_EStream_LE                             ../../../../LUFA/Drivers/USB/Core/AVR8/PipeStream_AVR8.o
Pipe_Write_PStream_BE                             ../../../../LUFA/Drivers/USB/Core/AVR8/PipeStream_AVR8.o
Pipe_Write_PStream_LE                             ../../../../LUFA/Drivers/USB/Core/AVR8/PipeStream_AVR8.o
Pipe_Write_Stream_BE                              ../../../../LUFA/Drivers/USB/Core/AVR8/PipeStream_AVR8.o
Pipe_Write_Stream_LE                              ../../../../LUFA/Drivers/USB/Core/AVR8/PipeStream_AVR8.o
                                                  ../../../../LUFA/Drivers/USB/Class/Host/StillImage.o
                                                  ../../../../LUFA/Drivers/USB/Class/Host/RNDIS.o
                                                  ../../../../LUFA/Drivers/USB/Class/Host/Printer.o
                                                  ../../../../LUFA/Drivers/USB/Class/Host/MIDI.o
                                                  ../../../../LUFA/Drivers/USB/Class/Host/MassStorage.o
                                                  ../../../../LUFA/Drivers/USB/Class/Host/HID.o
                                                  ../../../../LUFA/Drivers/USB/Class/Host/CDC.o
RNDIS_Host_ConfigurePipes                         ../../../../LUFA/Drivers/USB/Class/Host/RNDIS.o
RNDIS_Host_InitializeDevice                       ../../../../LUFA/Drivers/USB/Class/Host/RNDIS.o
RNDIS_Host_IsPacketReceived                       ../../../../LUFA/Drivers/USB/Class/Host/RNDIS.o
RNDIS_Host_QueryRNDISProperty                     ../../../../LUFA/Drivers/USB/Class/Host/RNDIS.o
RNDIS_Host_ReadPacket                             ../../../../LUFA/Drivers/USB/Class/Host/RNDIS.o
RNDIS_Host_SendKeepAlive                          ../../../../LUFA/Drivers/USB/Class/Host/RNDIS.o
RNDIS_Host_SendPacket                             ../../../../LUFA/Drivers/USB/Class/Host/RNDIS.o
RNDIS_Host_SetRNDISProperty                       ../../../../LUFA/Drivers/USB/Class/Host/RNDIS.o
SI_Host_CloseSession                              ../../../../LUFA/Drivers/USB/Class/Host/StillImage.o
SI_Host_ConfigurePipes                            ../../../../LUFA/Drivers/USB/Class/Host/StillImage.o
SI_Host_IsEventReceived                           ../../../../LUFA/Drivers/USB/Class/Host/StillImage.o
SI_Host_OpenSession                               ../../../../LUFA/Drivers/USB/Class/Host/StillImage.o
SI_Host_ReadData                                  ../../../../LUFA/Drivers/USB/Class/Host/StillImage.o
SI_Host_ReceiveBlockHeader                        ../../../../LUFA/Drivers/USB/Class/Host/StillImage.o
SI_Host_ReceiveEventHeader                        ../../../../LUFA/Drivers/USB/Class/Host/StillImage.o
SI_Host_ReceiveResponse                           ../../../../LUFA/Drivers/USB/Class/Host/StillImage.o
SI_Host_SendBlockHeader                           ../../../../LUFA/Drivers/USB/Class/Host/StillImage.o
SI_Host_SendCommand                               ../../../../LUFA/Drivers/USB/Class/Host/StillImage.o
SI_Host_SendData                                  ../../../../LUFA/Drivers/USB/Class/Host/StillImage.o
Serial_SendData                                   ../../../../LUFA/Drivers/Peripheral/AVR8/Serial_AVR8.o
Serial_SendString                                 ../../../../LUFA/Drivers/Peripheral/AVR8/Serial_AVR8.o
Serial_SendString_P                               ../../../../LUFA/Drivers/Peripheral/AVR8/Serial_AVR8.o
Serial_getchar                                    ../../../../LUFA/Drivers/Peripheral/AVR8/Serial_AVR8.o
                                                  MassStorageHost.o
Serial_getchar_Blocking                           ../../../../LUFA/Drivers/Peripheral/AVR8/Serial_AVR8.o
Serial_putchar                                    ../../../../LUFA/Drivers/Peripheral/AVR8/Serial_AVR8.o
                                                  MassStorageHost.o
SetupHardware                                     MassStorageHost.o
USARTSerialStream                                 ../../../../LUFA/Drivers/Peripheral/AVR8/Serial_AVR8.o
                                                  MassStorageHost.o
USB_ControlRequest                                ../../../../LUFA/Drivers/USB/Class/Host/RNDIS.o
                                                  ../../../../LUFA/Drivers/USB/Class/Host/Printer.o
                                                  ../../../../LUFA/Drivers/USB/Class/Host/MassStorage.o
                                                  ../../../../LUFA/Drivers/USB/Class/Host/HID.o
                                                  ../../../../LUFA/Drivers/USB/Class/Host/CDC.o
                                                  ../../../../LUFA/Drivers/USB/Class/Host/Audio.o
                                                  ../../../../LUFA/Drivers/USB/Core/USBTask.o
                                                  ../../../../LUFA/Drivers/USB/Core/HostStandardReq.o
                                                  ../../../../LUFA/Drivers/USB/Core/ConfigDescriptor.o
                                                  ../../../../LUFA/Drivers/USB/Core/AVR8/Host_AVR8.o
USB_Disable                                       ../../../../LUFA/Drivers/USB/Core/AVR8/USBController_AVR8.o
                                                  MassStorageHost.o
USB_Event_Stub                                    ../../../../LUFA/Drivers/USB/Core/Events.o
USB_GetHIDReportItemInfo                          ../../../../LUFA/Drivers/USB/Class/Common/HIDParser.o
USB_GetHIDReportSize                              ../../../../LUFA/Drivers/USB/Class/Common/HIDParser.o
                                                  ../../../../LUFA/Drivers/USB/Class/Host/HID.o
USB_GetNextDescriptorComp                         ../../../../LUFA/Drivers/USB/Core/ConfigDescriptor.o
                                                  ../../../../LUFA/Drivers/USB/Class/Host/StillImage.o
                                                  ../../../../LUFA/Drivers/USB/Class/Host/RNDIS.o
                                                  ../../../../LUFA/Drivers/USB/Class/Host/Printer.o
                                                  ../../../../LUFA/Drivers/USB/Class/Host/MIDI.o
                                                  ../../../../LUFA/Drivers/USB/Class/Host/MassStorage.o
                                                  ../../../../LUFA/Drivers/USB/Class/Host/HID.o
                                                  ../../../../LUFA/Drivers/USB/Class/Host/CDC.o
                                                  ../../../../LUFA/Drivers/USB/Class/Host/Audio.o
USB_GetNextDescriptorOfType                       ../../../../LUFA/Drivers/USB/Core/ConfigDescriptor.o
USB_GetNextDescriptorOfTypeAfter                  ../../../../LUFA/Drivers/USB/Core/ConfigDescriptor.o
USB_GetNextDescriptorOfTypeBefore                 ../../../../LUFA/Drivers/USB/Core/ConfigDescriptor.o
USB_HostState                                     ../../../../LUFA/Drivers/USB/Class/Host/StillImage.o
                                                  ../../../../LUFA/Drivers/USB/Class/Host/RNDIS.o
                                                  ../../../../LUFA/Drivers/USB/Class/Host/Printer.o
                                                  ../../../../LUFA/Drivers/USB/Class/Host/MIDI.o
                                                  ../../../../LUFA/Drivers/USB/Class/Host/MassStorage.o
                                                  ../../../../LUFA/Drivers/USB/Class/Host/HID.o
                                                  ../../../../LUFA/Drivers/USB/Class/Host/CDC.o
                                                  ../../../../LUFA/Drivers/USB/Core/USBTask.o
                                                  ../../../../LUFA/Drivers/USB/Core/HostStandardReq.o
                                                  ../../../../LUFA/Drivers/USB/Core/AVR8/USBInterrupt_AVR8.o
                                                  ../../../../LUFA/Drivers/USB/Core/AVR8/USBController_AVR8.o
                                                  ../../../../LUFA/Drivers/USB/Core/AVR8/Pipe_AVR8.o
                                                  ../../../../LUFA/Drivers/USB/Core/AVR8/Host_AVR8.o
                                                  MassStorageHost.o
USB_Host_ClearEndpointStall                       ../../../../LUFA/Drivers/USB/Core/HostStandardReq.o
                                                  ../../../../LUFA/Drivers/USB/Class/Host/StillImage.o
                                                  ../../../../LUFA/Drivers/USB/Class/Host/MassStorage.o
USB_Host_ConfigurationNumber                      ../../../../LUFA/Drivers/USB/Core/HostStandardReq.o
                                                  ../../../../LUFA/Drivers/USB/Core/AVR8/USBController_AVR8.o
                                                  ../../../../LUFA/Drivers/USB/Core/AVR8/Host_AVR8.o
USB_Host_ControlPipeSize                          ../../../../LUFA/Drivers/USB/Core/AVR8/Pipe_AVR8.o
                                                  ../../../../LUFA/Drivers/USB/Core/HostStandardReq.o
                                                  ../../../../LUFA/Drivers/USB/Core/AVR8/USBController_AVR8.o
                                                  ../../../../LUFA/Drivers/USB/Core/AVR8/Host_AVR8.o
USB_Host_GetDeviceConfigDescriptor                ../../../../LUFA/Drivers/USB/Core/ConfigDescriptor.o
                                                  MassStorageHost.o
USB_Host_GetDeviceDescriptor                      ../../../../LUFA/Drivers/USB/Core/HostStandardReq.o
USB_Host_GetDeviceStatus                          ../../../../LUFA/Drivers/USB/Core/HostStandardReq.o
USB_Host_GetDeviceStringDescriptor                ../../../../LUFA/Drivers/USB/Core/HostStandardReq.o
USB_Host_ProcessNextHostState                     ../../../../LUFA/Drivers/USB/Core/AVR8/Host_AVR8.o
                                                  ../../../../LUFA/Drivers/USB/Core/USBTask.o
USB_Host_SendControlRequest                       ../../../../LUFA/Drivers/USB/Core/HostStandardReq.o
                                                  ../../../../LUFA/Drivers/USB/Class/Host/RNDIS.o
                                                  ../../../../LUFA/Drivers/USB/Class/Host/Printer.o
                                                  ../../../../LUFA/Drivers/USB/Class/Host/MassStorage.o
                                                  ../../../../LUFA/Drivers/USB/Class/Host/HID.o
                                                  ../../../../LUFA/Drivers/USB/Class/Host/CDC.o
                                                  ../../../../LUFA/Drivers/USB/Class/Host/Audio.o
                                                  ../../../../LUFA/Drivers/USB/Core/ConfigDescriptor.o
                                                  ../../../../LUFA/Drivers/USB/Core/AVR8/Host_AVR8.o
USB_Host_SetDeviceConfiguration                   ../../../../LUFA/Drivers/USB/Core/HostStandardReq.o
                                                  MassStorageHost.o
USB_Host_SetInterfaceAltSetting                   ../../../../LUFA/Drivers/USB/Core/HostStandardReq.o
                                                  ../../../../LUFA/Drivers/USB/Class/Host/Printer.o
                                                  ../../../../LUFA/Drivers/USB/Class/Host/Audio.o
USB_Host_WaitMS                                   ../../../../LUFA/Drivers/USB/Core/AVR8/Host_AVR8.o
                                                  ../../../../LUFA/Drivers/USB/Core/HostStandardReq.o
USB_INT_ClearAllInterrupts                        ../../../../LUFA/Drivers/USB/Core/AVR8/USBInterrupt_AVR8.o
                                                  ../../../../LUFA/Drivers/USB/Core/AVR8/USBController_AVR8.o
USB_INT_DisableAllInterrupts                      ../../../../LUFA/Drivers/USB/Core/AVR8/USBInterrupt_AVR8.o
                                                  ../../../../LUFA/Drivers/USB/Core/AVR8/USBController_AVR8.o
USB_Init                                          ../../../../LUFA/Drivers/USB/Core/AVR8/USBController_AVR8.o
                                                  MassStorageHost.o
USB_IsInitialized                                 ../../../../LUFA/Drivers/USB/Core/USBTask.o
                                                  ../../../../LUFA/Drivers/USB/Core/AVR8/USBController_AVR8.o
USB_ProcessHIDReport                              ../../../../LUFA/Drivers/USB/Class/Common/HIDParser.o
                                                  ../../../../LUFA/Drivers/USB/Class/Host/HID.o
USB_ResetInterface                                ../../../../LUFA/Drivers/USB/Core/AVR8/USBController_AVR8.o
                                                  ../../../../LUFA/Drivers/USB/Core/AVR8/USBInterrupt_AVR8.o
                                                  ../../../../LUFA/Drivers/USB/Core/AVR8/Host_AVR8.o
USB_SetHIDReportItemInfo                          ../../../../LUFA/Drivers/USB/Class/Common/HIDParser.o
USB_USBTask                                       ../../../../LUFA/Drivers/USB/Core/USBTask.o
                                                  ../../../../LUFA/Drivers/USB/Class/Host/CDC.o
                                                  ../../../../LUFA/Drivers/USB/Core/AVR8/PipeStream_AVR8.o
                                                  MassStorageHost.o
__bad_interrupt                                   c:/winavr-20100110/bin/../lib/gcc/avr/4.3.3/../../../../avr/lib/avr51/crtusb1287.o
__bss_end                                         c:/winavr-20100110/bin/../lib/gcc/avr/4.3.3/avr51\libgcc.a(_clear_bss.o)
__bss_start                                       c:/winavr-20100110/bin/../lib/gcc/avr/4.3.3/avr51\libgcc.a(_clear_bss.o)
__ctype_isfalse                                   c:/winavr-20100110/bin/../lib/gcc/avr/4.3.3/../../../../avr/lib/avr51\libc.a(cty_isfalse.o)
                                                  c:/winavr-20100110/bin/../lib/gcc/avr/4.3.3/../../../../avr/lib/avr51\libc.a(isprint.o)
__ctype_istrue                                    c:/winavr-20100110/bin/../lib/gcc/avr/4.3.3/../../../../avr/lib/avr51\libc.a(cty_isfalse.o)
__data_end                                        c:/winavr-20100110/bin/../lib/gcc/avr/4.3.3/../../../../avr/lib/avr51/crtusb1287.o
__data_load_start                                 c:/winavr-20100110/bin/../lib/gcc/avr/4.3.3/../../../../avr/lib/avr51/crtusb1287.o
__data_start                                      c:/winavr-20100110/bin/../lib/gcc/avr/4.3.3/../../../../avr/lib/avr51/crtusb1287.o
__do_clear_bss                                    c:/winavr-20100110/bin/../lib/gcc/avr/4.3.3/avr51\libgcc.a(_clear_bss.o)
                                                  c:/winavr-20100110/bin/../lib/gcc/avr/4.3.3/../../../../avr/lib/avr51\libc.a(iob.o)
                                                  ../../../../LUFA/Drivers/Peripheral/AVR8/Serial_AVR8.o
                                                  ../../../../LUFA/Drivers/USB/Core/USBTask.o
                                                  ../../../../LUFA/Drivers/USB/Core/HostStandardReq.o
                                                  ../../../../LUFA/Drivers/USB/Core/AVR8/Host_AVR8.o
__do_copy_data                                    c:/winavr-20100110/bin/../lib/gcc/avr/4.3.3/../../../../avr/lib/avr51/crtusb1287.o
                                                  ../../../../LUFA/Drivers/USB/Core/HostStandardReq.o
                                                  ../../../../LUFA/Drivers/USB/Core/AVR8/Pipe_AVR8.o
                                                  ../../../../LUFA/Drivers/USB/Core/AVR8/Host_AVR8.o
                                                  MassStorageHost.o
__eerd_byte_usb1287                               c:/winavr-20100110/bin/../lib/gcc/avr/4.3.3/../../../../avr/lib/avr51\libc.a(eerd_byte_at90usb1287.o)
                                                  ../../../../LUFA/Drivers/USB/Core/AVR8/PipeStream_AVR8.o
__eeupd_byte_usb1287                              c:/winavr-20100110/bin/../lib/gcc/avr/4.3.3/../../../../avr/lib/avr51\libc.a(eeupd_byte_at90usb1287.o)
                                                  ../../../../LUFA/Drivers/USB/Core/AVR8/PipeStream_AVR8.o
__eeupd_r18_usb1287                               c:/winavr-20100110/bin/../lib/gcc/avr/4.3.3/../../../../avr/lib/avr51\libc.a(eeupd_byte_at90usb1287.o)
__heap_end                                        c:/winavr-20100110/bin/../lib/gcc/avr/4.3.3/../../../../avr/lib/avr51/crtusb1287.o
__init                                            c:/winavr-20100110/bin/../lib/gcc/avr/4.3.3/../../../../avr/lib/avr51/crtusb1287.o
__iob                                             c:/winavr-20100110/bin/../lib/gcc/avr/4.3.3/../../../../avr/lib/avr51\libc.a(puts_p.o)
                                                  c:/winavr-20100110/bin/../lib/gcc/avr/4.3.3/../../../../avr/lib/avr51\libc.a(printf_p.o)
                                                  c:/winavr-20100110/bin/../lib/gcc/avr/4.3.3/../../../../avr/lib/avr51\libc.a(iob.o)
                                                  MassStorageHost.o
__mulsi3                                          c:/winavr-20100110/bin/../lib/gcc/avr/4.3.3/avr51\libgcc.a(_mulsi3.o)
                                                  ../../../../LUFA/Drivers/USB/Class/Host/MassStorage.o
__stack                                           c:/winavr-20100110/bin/../lib/gcc/avr/4.3.3/../../../../avr/lib/avr51/crtusb1287.o
__ultoa_invert                                    c:/winavr-20100110/bin/../lib/gcc/avr/4.3.3/../../../../avr/lib/avr51\libc.a(ultoa_invert.o)
                                                  c:/winavr-20100110/bin/../lib/gcc/avr/4.3.3/../../../../avr/lib/avr51\libc.a(vfprintf_std.o)
__vector_1                                        c:/winavr-20100110/bin/../lib/gcc/avr/4.3.3/../../../../avr/lib/avr51/crtusb1287.o
__vector_10                                       ../../../../LUFA/Drivers/USB/Core/AVR8/USBInterrupt_AVR8.o
                                                  c:/winavr-20100110/bin/../lib/gcc/avr/4.3.3/../../../../avr/lib/avr51/crtusb1287.o
__vector_11                                       c:/winavr-20100110/bin/../lib/gcc/avr/4.3.3/../../../../avr/lib/avr51/crtusb1287.o
__vector_12                                       c:/winavr-20100110/bin/../lib/gcc/avr/4.3.3/../../../../avr/lib/avr51/crtusb1287.o
__vector_13                                       c:/winavr-20100110/bin/../lib/gcc/avr/4.3.3/../../../../avr/lib/avr51/crtusb1287.o
__vector_14                                       c:/winavr-20100110/bin/../lib/gcc/avr/4.3.3/../../../../avr/lib/avr51/crtusb1287.o
__vector_15                                       c:/winavr-20100110/bin/../lib/gcc/avr/4.3.3/../../../../avr/lib/avr51/crtusb1287.o
__vector_16                                       c:/winavr-20100110/bin/../lib/gcc/avr/4.3.3/../../../../avr/lib/avr51/crtusb1287.o
__vector_17                                       c:/winavr-20100110/bin/../lib/gcc/avr/4.3.3/../../../../avr/lib/avr51/crtusb1287.o
__vector_18                                       c:/winavr-20100110/bin/../lib/gcc/avr/4.3.3/../../../../avr/lib/avr51/crtusb1287.o
__vector_19                                       c:/winavr-20100110/bin/../lib/gcc/avr/4.3.3/../../../../avr/lib/avr51/crtusb1287.o
__vector_2                                        c:/winavr-20100110/bin/../lib/gcc/avr/4.3.3/../../../../avr/lib/avr51/crtusb1287.o
__vector_20                                       c:/winavr-20100110/bin/../lib/gcc/avr/4.3.3/../../../../avr/lib/avr51/crtusb1287.o
__vector_21                                       c:/winavr-20100110/bin/../lib/gcc/avr/4.3.3/../../../../avr/lib/avr51/crtusb1287.o
__vector_22                                       c:/winavr-20100110/bin/../lib/gcc/avr/4.3.3/../../../../avr/lib/avr51/crtusb1287.o
__vector_23                                       c:/winavr-20100110/bin/../lib/gcc/avr/4.3.3/../../../../avr/lib/avr51/crtusb1287.o
__vector_24                                       c:/winavr-20100110/bin/../lib/gcc/avr/4.3.3/../../../../avr/lib/avr51/crtusb1287.o
__vector_25                                       c:/winavr-20100110/bin/../lib/gcc/avr/4.3.3/../../../../avr/lib/avr51/crtusb1287.o
__vector_26                                       c:/winavr-20100110/bin/../lib/gcc/avr/4.3.3/../../../../avr/lib/avr51/crtusb1287.o
__vector_27                                       c:/winavr-20100110/bin/../lib/gcc/avr/4.3.3/../../../../avr/lib/avr51/crtusb1287.o
__vector_28                                       c:/winavr-20100110/bin/../lib/gcc/avr/4.3.3/../../../../avr/lib/avr51/crtusb1287.o
__vector_29                                       c:/winavr-20100110/bin/../lib/gcc/avr/4.3.3/../../../../avr/lib/avr51/crtusb1287.o
__vector_3                                        c:/winavr-20100110/bin/../lib/gcc/avr/4.3.3/../../../../avr/lib/avr51/crtusb1287.o
__vector_30                                       c:/winavr-20100110/bin/../lib/gcc/avr/4.3.3/../../../../avr/lib/avr51/crtusb1287.o
__vector_31                                       c:/winavr-20100110/bin/../lib/gcc/avr/4.3.3/../../../../avr/lib/avr51/crtusb1287.o
__vector_32                                       c:/winavr-20100110/bin/../lib/gcc/avr/4.3.3/../../../../avr/lib/avr51/crtusb1287.o
__vector_33                                       c:/winavr-20100110/bin/../lib/gcc/avr/4.3.3/../../../../avr/lib/avr51/crtusb1287.o
__vector_34                                       c:/winavr-20100110/bin/../lib/gcc/avr/4.3.3/../../../../avr/lib/avr51/crtusb1287.o
__vector_35                                       c:/winavr-20100110/bin/../lib/gcc/avr/4.3.3/../../../../avr/lib/avr51/crtusb1287.o
__vector_36                                       c:/winavr-20100110/bin/../lib/gcc/avr/4.3.3/../../../../avr/lib/avr51/crtusb1287.o
__vector_37                                       c:/winavr-20100110/bin/../lib/gcc/avr/4.3.3/../../../../avr/lib/avr51/crtusb1287.o
__vector_4                                        c:/winavr-20100110/bin/../lib/gcc/avr/4.3.3/../../../../avr/lib/avr51/crtusb1287.o
__vector_5                                        c:/winavr-20100110/bin/../lib/gcc/avr/4.3.3/../../../../avr/lib/avr51/crtusb1287.o
__vector_6                                        c:/winavr-20100110/bin/../lib/gcc/avr/4.3.3/../../../../avr/lib/avr51/crtusb1287.o
__vector_7                                        c:/winavr-20100110/bin/../lib/gcc/avr/4.3.3/../../../../avr/lib/avr51/crtusb1287.o
__vector_8                                        c:/winavr-20100110/bin/../lib/gcc/avr/4.3.3/../../../../avr/lib/avr51/crtusb1287.o
__vector_9                                        c:/winavr-20100110/bin/../lib/gcc/avr/4.3.3/../../../../avr/lib/avr51/crtusb1287.o
__vector_default                                  c:/winavr-20100110/bin/../lib/gcc/avr/4.3.3/../../../../avr/lib/avr51/crtusb1287.o
__vectors                                         c:/winavr-20100110/bin/../lib/gcc/avr/4.3.3/../../../../avr/lib/avr51/crtusb1287.o
_exit                                             c:/winavr-20100110/bin/../lib/gcc/avr/4.3.3/avr51\libgcc.a(_exit.o)
exit                                              c:/winavr-20100110/bin/../lib/gcc/avr/4.3.3/avr51\libgcc.a(_exit.o)
                                                  c:/winavr-20100110/bin/../lib/gcc/avr/4.3.3/../../../../avr/lib/avr51/crtusb1287.o
fputc                                             c:/winavr-20100110/bin/../lib/gcc/avr/4.3.3/../../../../avr/lib/avr51\libc.a(fputc.o)
                                                  c:/winavr-20100110/bin/../lib/gcc/avr/4.3.3/../../../../avr/lib/avr51\libc.a(vfprintf_std.o)
                                                  MassStorageHost.o
isgraph                                           c:/winavr-20100110/bin/../lib/gcc/avr/4.3.3/../../../../avr/lib/avr51\libc.a(isprint.o)
isprint                                           c:/winavr-20100110/bin/../lib/gcc/avr/4.3.3/../../../../avr/lib/avr51\libc.a(isprint.o)
                                                  MassStorageHost.o
main                                              MassStorageHost.o
                                                  c:/winavr-20100110/bin/../lib/gcc/avr/4.3.3/../../../../avr/lib/avr51/crtusb1287.o
memcpy                                            c:/winavr-20100110/bin/../lib/gcc/avr/4.3.3/../../../../avr/lib/avr51\libc.a(memcpy.o)
                                                  c:/winavr-20100110/bin/../lib/gcc/avr/4.3.3/../../../../avr/lib/avr51\libc.a(memmove.o)
                                                  ../../../../LUFA/Drivers/USB/Class/Host/StillImage.o
                                                  ../../../../LUFA/Drivers/USB/Class/Host/RNDIS.o
memmove                                           c:/winavr-20100110/bin/../lib/gcc/avr/4.3.3/../../../../avr/lib/avr51\libc.a(memmove.o)
                                                  ../../../../LUFA/Drivers/USB/Class/Host/Printer.o
printf_P                                          c:/winavr-20100110/bin/../lib/gcc/avr/4.3.3/../../../../avr/lib/avr51\libc.a(printf_p.o)
                                                  MassStorageHost.o
puts_P                                            c:/winavr-20100110/bin/../lib/gcc/avr/4.3.3/../../../../avr/lib/avr51\libc.a(puts_p.o)
                                                  MassStorageHost.o
strnlen                                           c:/winavr-20100110/bin/../lib/gcc/avr/4.3.3/../../../../avr/lib/avr51\libc.a(strnlen.o)
                                                  c:/winavr-20100110/bin/../lib/gcc/avr/4.3.3/../../../../avr/lib/avr51\libc.a(vfprintf_std.o)
strnlen_P                                         c:/winavr-20100110/bin/../lib/gcc/avr/4.3.3/../../../../avr/lib/avr51\libc.a(strnlen_P.o)
                                                  c:/winavr-20100110/bin/../lib/gcc/avr/4.3.3/../../../../avr/lib/avr51\libc.a(vfprintf_std.o)
vfprintf                                          c:/winavr-20100110/bin/../lib/gcc/avr/4.3.3/../../../../avr/lib/avr51\libc.a(vfprintf_std.o)
                                                  c:/winavr-20100110/bin/../lib/gcc/avr/4.3.3/../../../../avr/lib/avr51\libc.a(printf_p.o)
