   1               		.file	"ProtocolDecoders.c"
   2               	__SREG__ = 0x3f
   3               	__SP_H__ = 0x3e
   4               	__SP_L__ = 0x3d
   5               	__CCP__  = 0x34
   6               	__tmp_reg__ = 0
   7               	__zero_reg__ = 1
  15               	.Ltext0:
  16               		.section	.text.DecodeEthernetFrameHeader,"ax",@progbits
  17               	.global	DecodeEthernetFrameHeader
  19               	DecodeEthernetFrameHeader:
  20               	.LFB103:
  21               	.LSM0:
  22               	.LVL0:
  23               	/* prologue: function */
  24               	/* frame size = 0 */
  25               	/* epilogue start */
  26               	.LSM1:
  27 0000 0895      		ret
  28               	.LFE103:
  30               		.section	.text.DecodeARPHeader,"ax",@progbits
  31               	.global	DecodeARPHeader
  33               	DecodeARPHeader:
  34               	.LFB104:
  35               	.LSM2:
  36               	.LVL1:
  37               	/* prologue: function */
  38               	/* frame size = 0 */
  39               	/* epilogue start */
  40               	.LSM3:
  41 0000 0895      		ret
  42               	.LFE104:
  44               		.section	.text.DecodeIPHeader,"ax",@progbits
  45               	.global	DecodeIPHeader
  47               	DecodeIPHeader:
  48               	.LFB105:
  49               	.LSM4:
  50               	.LVL2:
  51               	/* prologue: function */
  52               	/* frame size = 0 */
  53               	/* epilogue start */
  54               	.LSM5:
  55 0000 0895      		ret
  56               	.LFE105:
  58               		.section	.text.DecodeICMPHeader,"ax",@progbits
  59               	.global	DecodeICMPHeader
  61               	DecodeICMPHeader:
  62               	.LFB106:
  63               	.LSM6:
  64               	.LVL3:
  65               	/* prologue: function */
  66               	/* frame size = 0 */
  67               	/* epilogue start */
  68               	.LSM7:
  69 0000 0895      		ret
  70               	.LFE106:
  72               		.section	.text.DecodeTCPHeader,"ax",@progbits
  73               	.global	DecodeTCPHeader
  75               	DecodeTCPHeader:
  76               	.LFB107:
  77               	.LSM8:
  78               	.LVL4:
  79               	/* prologue: function */
  80               	/* frame size = 0 */
  81               	/* epilogue start */
  82               	.LSM9:
  83 0000 0895      		ret
  84               	.LFE107:
  86               		.section	.text.DecodeUDPHeader,"ax",@progbits
  87               	.global	DecodeUDPHeader
  89               	DecodeUDPHeader:
  90               	.LFB108:
  91               	.LSM10:
  92               	.LVL5:
  93               	/* prologue: function */
  94               	/* frame size = 0 */
  95               	/* epilogue start */
  96               	.LSM11:
  97 0000 0895      		ret
  98               	.LFE108:
 100               		.section	.text.DecodeDHCPHeader,"ax",@progbits
 101               	.global	DecodeDHCPHeader
 103               	DecodeDHCPHeader:
 104               	.LFB109:
 105               	.LSM12:
 106               	.LVL6:
 107               	/* prologue: function */
 108               	/* frame size = 0 */
 109               	/* epilogue start */
 110               	.LSM13:
 111 0000 0895      		ret
 112               	.LFE109:
 186               	.Letext0:
DEFINED SYMBOLS
                            *ABS*:00000000 ProtocolDecoders.c
C:\Users\Eddie\AppData\Local\Temp/cchya8Z4.s:2      *ABS*:0000003f __SREG__
C:\Users\Eddie\AppData\Local\Temp/cchya8Z4.s:3      *ABS*:0000003e __SP_H__
C:\Users\Eddie\AppData\Local\Temp/cchya8Z4.s:4      *ABS*:0000003d __SP_L__
C:\Users\Eddie\AppData\Local\Temp/cchya8Z4.s:5      *ABS*:00000034 __CCP__
C:\Users\Eddie\AppData\Local\Temp/cchya8Z4.s:6      *ABS*:00000000 __tmp_reg__
C:\Users\Eddie\AppData\Local\Temp/cchya8Z4.s:7      *ABS*:00000001 __zero_reg__
C:\Users\Eddie\AppData\Local\Temp/cchya8Z4.s:19     .text.DecodeEthernetFrameHeader:00000000 DecodeEthernetFrameHeader
C:\Users\Eddie\AppData\Local\Temp/cchya8Z4.s:33     .text.DecodeARPHeader:00000000 DecodeARPHeader
C:\Users\Eddie\AppData\Local\Temp/cchya8Z4.s:47     .text.DecodeIPHeader:00000000 DecodeIPHeader
C:\Users\Eddie\AppData\Local\Temp/cchya8Z4.s:61     .text.DecodeICMPHeader:00000000 DecodeICMPHeader
C:\Users\Eddie\AppData\Local\Temp/cchya8Z4.s:75     .text.DecodeTCPHeader:00000000 DecodeTCPHeader
C:\Users\Eddie\AppData\Local\Temp/cchya8Z4.s:89     .text.DecodeUDPHeader:00000000 DecodeUDPHeader
C:\Users\Eddie\AppData\Local\Temp/cchya8Z4.s:103    .text.DecodeDHCPHeader:00000000 DecodeDHCPHeader

NO UNDEFINED SYMBOLS
